Component: ARM Compiler 5.06 update 4 (build 422) Tool: armlink [4d35d2]

==============================================================================

Section Cross References

    main.o(i.MX_ADC1_Init) refers to stm32f1xx_hal_adc.o(i.HAL_ADC_Init) for HAL_ADC_Init
    main.o(i.MX_ADC1_Init) refers to stm32f1xx_hal_adc.o(i.HAL_ADC_ConfigChannel) for HAL_ADC_ConfigChannel
    main.o(i.MX_ADC1_Init) refers to main.o(.bss) for .bss
    main.o(i.MX_GPIO_Init) refers to stm32f1xx_hal_gpio.o(i.HAL_GPIO_WritePin) for HAL_GPIO_WritePin
    main.o(i.MX_GPIO_Init) refers to stm32f1xx_hal_gpio.o(i.HAL_GPIO_Init) for HAL_GPIO_Init
    main.o(i.MX_I2C1_Init) refers to stm32f1xx_hal_i2c.o(i.HAL_I2C_Init) for HAL_I2C_Init
    main.o(i.MX_I2C1_Init) refers to main.o(.bss) for .bss
    main.o(i.MX_TIM1_Init) refers to stm32f1xx_hal_tim.o(i.HAL_TIM_Base_Init) for HAL_TIM_Base_Init
    main.o(i.MX_TIM1_Init) refers to stm32f1xx_hal_tim.o(i.HAL_TIM_SlaveConfigSynchronization) for HAL_TIM_SlaveConfigSynchronization
    main.o(i.MX_TIM1_Init) refers to stm32f1xx_hal_tim_ex.o(i.HAL_TIMEx_MasterConfigSynchronization) for HAL_TIMEx_MasterConfigSynchronization
    main.o(i.MX_TIM1_Init) refers to main.o(.bss) for .bss
    main.o(i.SystemClock_Config) refers to stm32f1xx_hal_rcc.o(i.HAL_RCC_OscConfig) for HAL_RCC_OscConfig
    main.o(i.SystemClock_Config) refers to stm32f1xx_hal_rcc.o(i.HAL_RCC_ClockConfig) for HAL_RCC_ClockConfig
    main.o(i.SystemClock_Config) refers to stm32f1xx_hal_rcc_ex.o(i.HAL_RCCEx_PeriphCLKConfig) for HAL_RCCEx_PeriphCLKConfig
    main.o(i.SystemClock_Config) refers to stm32f1xx_hal_rcc.o(i.HAL_RCC_GetHCLKFreq) for HAL_RCC_GetHCLKFreq
    main.o(i.SystemClock_Config) refers to stm32f1xx_hal_cortex.o(i.HAL_SYSTICK_Config) for HAL_SYSTICK_Config
    main.o(i.SystemClock_Config) refers to stm32f1xx_hal_cortex.o(i.HAL_SYSTICK_CLKSourceConfig) for HAL_SYSTICK_CLKSourceConfig
    main.o(i.SystemClock_Config) refers to stm32f1xx_hal_cortex.o(i.HAL_NVIC_SetPriority) for HAL_NVIC_SetPriority
    main.o(i.main) refers to stm32f1xx_hal.o(i.HAL_Init) for HAL_Init
    main.o(i.main) refers to main.o(i.SystemClock_Config) for SystemClock_Config
    main.o(i.main) refers to main.o(i.MX_GPIO_Init) for MX_GPIO_Init
    main.o(i.main) refers to main.o(i.MX_ADC1_Init) for MX_ADC1_Init
    main.o(i.main) refers to usb_device.o(i.MX_USB_DEVICE_Init) for MX_USB_DEVICE_Init
    main.o(i.main) refers to main.o(i.MX_I2C1_Init) for MX_I2C1_Init
    main.o(i.main) refers to main.o(i.MX_TIM1_Init) for MX_TIM1_Init
    main.o(i.main) refers to strcmp.o(.text) for strcmp
    main.o(i.main) refers to printf6.o(i.__0sprintf$6) for __2sprintf
    main.o(i.main) refers to usbd_cdc_if.o(i.CDC_Transmit_FS) for CDC_Transmit_FS
    main.o(i.main) refers to atoi.o(.text) for atoi
    main.o(i.main) refers to malloc.o(i.free) for free
    main.o(i.main) refers to malloc.o(i.malloc) for malloc
    main.o(i.main) refers to control_functions.o(i.AD5933_set_steps) for AD5933_set_steps
    main.o(i.main) refers to control_functions.o(i.AD5933_set_increment) for AD5933_set_increment
    main.o(i.main) refers to control_functions.o(i.MCU_get_temperature) for MCU_get_temperature
    main.o(i.main) refers to control_functions.o(i.AD5933_get_temperature) for AD5933_get_temperature
    main.o(i.main) refers to control_functions.o(i.AD5933_set_start) for AD5933_set_start
    main.o(i.main) refers to stm32f1xx_hal_gpio.o(i.HAL_GPIO_TogglePin) for HAL_GPIO_TogglePin
    main.o(i.main) refers to main.o(.data) for .data
    main.o(i.main) refers to main.o(.bss) for .bss
    usbd_cdc_if.o(i.CDC_Init_FS) refers to usbd_cdc.o(i.USBD_CDC_SetTxBuffer) for USBD_CDC_SetTxBuffer
    usbd_cdc_if.o(i.CDC_Init_FS) refers to usbd_cdc.o(i.USBD_CDC_SetRxBuffer) for USBD_CDC_SetRxBuffer
    usbd_cdc_if.o(i.CDC_Init_FS) refers to usbd_cdc_if.o(.bss) for .bss
    usbd_cdc_if.o(i.CDC_Init_FS) refers to usb_device.o(.bss) for hUsbDeviceFS
    usbd_cdc_if.o(i.CDC_Receive_FS) refers to usbd_cdc.o(i.USBD_CDC_SetRxBuffer) for USBD_CDC_SetRxBuffer
    usbd_cdc_if.o(i.CDC_Receive_FS) refers to usbd_cdc.o(i.USBD_CDC_ReceivePacket) for USBD_CDC_ReceivePacket
    usbd_cdc_if.o(i.CDC_Receive_FS) refers to strcspn.o(.text) for strcspn
    usbd_cdc_if.o(i.CDC_Receive_FS) refers to malloc.o(i.malloc) for malloc
    usbd_cdc_if.o(i.CDC_Receive_FS) refers to stm32f1xx_hal_gpio.o(i.HAL_GPIO_WritePin) for HAL_GPIO_WritePin
    usbd_cdc_if.o(i.CDC_Receive_FS) refers to stm32f1xx_hal.o(i.HAL_Delay) for HAL_Delay
    usbd_cdc_if.o(i.CDC_Receive_FS) refers to usb_device.o(.bss) for hUsbDeviceFS
    usbd_cdc_if.o(i.CDC_Receive_FS) refers to usbd_cdc_if.o(.bss) for .bss
    usbd_cdc_if.o(i.CDC_Receive_FS) refers to usbd_cdc_if.o(.data) for .data
    usbd_cdc_if.o(i.CDC_Receive_FS) refers to main.o(.data) for USB_new_command
    usbd_cdc_if.o(i.CDC_Transmit_FS) refers to usbd_cdc.o(i.USBD_CDC_SetTxBuffer) for USBD_CDC_SetTxBuffer
[...]
    i.I2C_MasterReceive_BTF                  0x08002494   Section        0  stm32f1xx_hal_i2c.o(i.I2C_MasterReceive_BTF)
    I2C_MasterReceive_BTF                    0x08002495   Thumb Code   194  stm32f1xx_hal_i2c.o(i.I2C_MasterReceive_BTF)
    i.I2C_MasterReceive_RXNE                 0x0800255c   Section        0  stm32f1xx_hal_i2c.o(i.I2C_MasterReceive_RXNE)
    I2C_MasterReceive_RXNE                   0x0800255d   Thumb Code   174  stm32f1xx_hal_i2c.o(i.I2C_MasterReceive_RXNE)
    i.I2C_MasterRequestWrite                 0x0800260c   Section        0  stm32f1xx_hal_i2c.o(i.I2C_MasterRequestWrite)
    I2C_MasterRequestWrite                   0x0800260d   Thumb Code   142  stm32f1xx_hal_i2c.o(i.I2C_MasterRequestWrite)
    i.I2C_MasterTransmit_BTF                 0x080026a0   Section        0  stm32f1xx_hal_i2c.o(i.I2C_MasterTransmit_BTF)
    I2C_MasterTransmit_BTF                   0x080026a1   Thumb Code   128  stm32f1xx_hal_i2c.o(i.I2C_MasterTransmit_BTF)
    i.I2C_MasterTransmit_TXE                 0x08002720   Section        0  stm32f1xx_hal_i2c.o(i.I2C_MasterTransmit_TXE)
    I2C_MasterTransmit_TXE                   0x08002721   Thumb Code   264  stm32f1xx_hal_i2c.o(i.I2C_MasterTransmit_TXE)
    i.I2C_Master_ADDR                        0x08002828   Section        0  stm32f1xx_hal_i2c.o(i.I2C_Master_ADDR)
    I2C_Master_ADDR                          0x08002829   Thumb Code   282  stm32f1xx_hal_i2c.o(i.I2C_Master_ADDR)
    i.I2C_Master_SB                          0x08002942   Section        0  stm32f1xx_hal_i2c.o(i.I2C_Master_SB)
    I2C_Master_SB                            0x08002943   Thumb Code    90  stm32f1xx_hal_i2c.o(i.I2C_Master_SB)
    i.I2C_Slave_AF                           0x0800299c   Section        0  stm32f1xx_hal_i2c.o(i.I2C_Slave_AF)
    I2C_Slave_AF                             0x0800299d   Thumb Code   128  stm32f1xx_hal_i2c.o(i.I2C_Slave_AF)
    i.I2C_Slave_STOPF                        0x08002a20   Section        0  stm32f1xx_hal_i2c.o(i.I2C_Slave_STOPF)
    I2C_Slave_STOPF                          0x08002a21   Thumb Code   214  stm32f1xx_hal_i2c.o(i.I2C_Slave_STOPF)
    i.I2C_WaitOnBTFFlagUntilTimeout          0x08002afc   Section        0  stm32f1xx_hal_i2c.o(i.I2C_WaitOnBTFFlagUntilTimeout)
    I2C_WaitOnBTFFlagUntilTimeout            0x08002afd   Thumb Code    78  stm32f1xx_hal_i2c.o(i.I2C_WaitOnBTFFlagUntilTimeout)
    i.I2C_WaitOnFlagUntilTimeout             0x08002b4a   Section        0  stm32f1xx_hal_i2c.o(i.I2C_WaitOnFlagUntilTimeout)
    I2C_WaitOnFlagUntilTimeout               0x08002b4b   Thumb Code    96  stm32f1xx_hal_i2c.o(i.I2C_WaitOnFlagUntilTimeout)
    i.I2C_WaitOnMasterAddressFlagUntilTimeout 0x08002bac   Section        0  stm32f1xx_hal_i2c.o(i.I2C_WaitOnMasterAddressFlagUntilTimeout)
    I2C_WaitOnMasterAddressFlagUntilTimeout  0x08002bad   Thumb Code   136  stm32f1xx_hal_i2c.o(i.I2C_WaitOnMasterAddressFlagUntilTimeout)
    i.I2C_WaitOnTXEFlagUntilTimeout          0x08002c34   Section        0  stm32f1xx_hal_i2c.o(i.I2C_WaitOnTXEFlagUntilTimeout)
    I2C_WaitOnTXEFlagUntilTimeout            0x08002c35   Thumb Code    78  stm32f1xx_hal_i2c.o(i.I2C_WaitOnTXEFlagUntilTimeout)
    i.MCU_get_temperature                    0x08002c84   Section        0  control_functions.o(i.MCU_get_temperature)
    i.MX_ADC1_Init                           0x08002ce0   Section        0  main.o(i.MX_ADC1_Init)
    MX_ADC1_Init                             0x08002ce1   Thumb Code    60  main.o(i.MX_ADC1_Init)
    i.MX_GPIO_Init                           0x08002d24   Section        0  main.o(i.MX_GPIO_Init)
    MX_GPIO_Init                             0x08002d25   Thumb Code   164  main.o(i.MX_GPIO_Init)
    i.MX_I2C1_Init                           0x08002ddc   Section        0  main.o(i.MX_I2C1_Init)
    MX_I2C1_Init                             0x08002ddd   Thumb Code    46  main.o(i.MX_I2C1_Init)
    i.MX_TIM1_Init                           0x08002e14   Section        0  main.o(i.MX_TIM1_Init)
    MX_TIM1_Init                             0x08002e15   Thumb Code    78  main.o(i.MX_TIM1_Init)
    i.MX_USB_DEVICE_Init                     0x08002e6c   Section        0  usb_device.o(i.MX_USB_DEVICE_Init)
    i.MemManage_Handler                      0x08002ea4   Section        0  stm32f1xx_it.o(i.MemManage_Handler)
    i.NMI_Handler                            0x08002ea6   Section        0  stm32f1xx_it.o(i.NMI_Handler)
    i.NVIC_SetPriority                       0x08002ea8   Section        0  stm32f1xx_hal_cortex.o(i.NVIC_SetPriority)
    NVIC_SetPriority                         0x08002ea9   Thumb Code    32  stm32f1xx_hal_cortex.o(i.NVIC_SetPriority)
    i.PCD_EP_ISR_Handler                     0x08002ec8   Section        0  stm32f1xx_hal_pcd.o(i.PCD_EP_ISR_Handler)
    PCD_EP_ISR_Handler                       0x08002ec9   Thumb Code   866  stm32f1xx_hal_pcd.o(i.PCD_EP_ISR_Handler)
    i.PendSV_Handler                         0x0800322a   Section        0  stm32f1xx_it.o(i.PendSV_Handler)
    i.SVC_Handler                            0x0800322c   Section        0  stm32f1xx_it.o(i.SVC_Handler)
    i.SysTick_Handler                        0x0800322e   Section        0  stm32f1xx_it.o(i.SysTick_Handler)
    i.SystemClock_Config                     0x0800323c   Section        0  main.o(i.SystemClock_Config)
    i.SystemInit                             0x080032b8   Section        0  system_stm32f1xx.o(i.SystemInit)
    i.TIM_Base_SetConfig                     0x08003300   Section        0  stm32f1xx_hal_tim.o(i.TIM_Base_SetConfig)
    i.TIM_ETR_SetConfig                      0x0800336c   Section        0  stm32f1xx_hal_tim.o(i.TIM_ETR_SetConfig)
    TIM_ETR_SetConfig                        0x0800336d   Thumb Code    20  stm32f1xx_hal_tim.o(i.TIM_ETR_SetConfig)
    i.TIM_SlaveTimer_SetConfig               0x08003380   Section        0  stm32f1xx_hal_tim.o(i.TIM_SlaveTimer_SetConfig)
    TIM_SlaveTimer_SetConfig                 0x08003381   Thumb Code   124  stm32f1xx_hal_tim.o(i.TIM_SlaveTimer_SetConfig)
    i.TIM_TI1_ConfigInputStage               0x080033fc   Section        0  stm32f1xx_hal_tim.o(i.TIM_TI1_ConfigInputStage)
    TIM_TI1_ConfigInputStage                 0x080033fd   Thumb Code    34  stm32f1xx_hal_tim.o(i.TIM_TI1_ConfigInputStage)
    i.TIM_TI2_ConfigInputStage               0x0800341e   Section        0  stm32f1xx_hal_tim.o(i.TIM_TI2_ConfigInputStage)
    TIM_TI2_ConfigInputStage                 0x0800341f   Thumb Code    36  stm32f1xx_hal_tim.o(i.TIM_TI2_ConfigInputStage)
    i.USBD_CDC_DataIn                        0x08003442   Section        0  usbd_cdc.o(i.USBD_CDC_DataIn)
    USBD_CDC_DataIn                          0x08003443   Thumb Code    20  usbd_cdc.o(i.USBD_CDC_DataIn)
    i.USBD_CDC_DataOut                       0x08003456   Section        0  usbd_cdc.o(i.USBD_CDC_DataOut)
    USBD_CDC_DataOut                         0x08003457   Thumb Code    46  usbd_cdc.o(i.USBD_CDC_DataOut)
    i.USBD_CDC_DeInit                        0x08003484   Section        0  usbd_cdc.o(i.USBD_CDC_DeInit)
    USBD_CDC_DeInit                          0x08003485   Thumb Code    60  usbd_cdc.o(i.USBD_CDC_DeInit)
    i.USBD_CDC_EP0_RxReady                   0x080034c0   Section        0  usbd_cdc.o(i.USBD_CDC_EP0_RxReady)
    USBD_CDC_EP0_RxReady                     0x080034c1   Thumb Code    36  usbd_cdc.o(i.USBD_CDC_EP0_RxReady)
    i.USBD_CDC_GetDeviceQualifierDescriptor  0x080034e4   Section        0  usbd_cdc.o(i.USBD_CDC_GetDeviceQualifierDescriptor)
    i.USBD_CDC_GetFSCfgDesc                  0x080034f0   Section        0  usbd_cdc.o(i.USBD_CDC_GetFSCfgDesc)
    USBD_CDC_GetFSCfgDesc                    0x080034f1   Thumb Code     8  usbd_cdc.o(i.USBD_CDC_GetFSCfgDesc)
    i.USBD_CDC_GetHSCfgDesc                  0x080034fc   Section        0  usbd_cdc.o(i.USBD_CDC_GetHSCfgDesc)
    USBD_CDC_GetHSCfgDesc                    0x080034fd   Thumb Code     8  usbd_cdc.o(i.USBD_CDC_GetHSCfgDesc)
    i.USBD_CDC_GetOtherSpeedCfgDesc          0x08003508   Section        0  usbd_cdc.o(i.USBD_CDC_GetOtherSpeedCfgDesc)
    USBD_CDC_GetOtherSpeedCfgDesc            0x08003509   Thumb Code     8  usbd_cdc.o(i.USBD_CDC_GetOtherSpeedCfgDesc)
    i.USBD_CDC_Init                          0x08003514   Section        0  usbd_cdc.o(i.USBD_CDC_Init)
    USBD_CDC_Init                            0x08003515   Thumb Code   136  usbd_cdc.o(i.USBD_CDC_Init)
    i.USBD_CDC_ReceivePacket                 0x0800359c   Section        0  usbd_cdc.o(i.USBD_CDC_ReceivePacket)
    i.USBD_CDC_RegisterInterface             0x080035c4   Section        0  usbd_cdc.o(i.USBD_CDC_RegisterInterface)
    i.USBD_CDC_SetRxBuffer                   0x080035d4   Section        0  usbd_cdc.o(i.USBD_CDC_SetRxBuffer)
    i.USBD_CDC_SetTxBuffer                   0x080035e0   Section        0  usbd_cdc.o(i.USBD_CDC_SetTxBuffer)
    i.USBD_CDC_Setup                         0x080035f0   Section        0  usbd_cdc.o(i.USBD_CDC_Setup)
    USBD_CDC_Setup                           0x080035f1   Thumb Code   106  usbd_cdc.o(i.USBD_CDC_Setup)
    i.USBD_CDC_TransmitPacket                0x08003660   Section        0  usbd_cdc.o(i.USBD_CDC_TransmitPacket)
    i.USBD_ClrClassConfig                    0x08003690   Section        0  usbd_core.o(i.USBD_ClrClassConfig)
    i.USBD_CtlContinueRx                     0x0800369e   Section        0  usbd_ioreq.o(i.USBD_CtlContinueRx)
    i.USBD_CtlContinueSendData               0x080036ae   Section        0  usbd_ioreq.o(i.USBD_CtlContinueSendData)
    i.USBD_CtlError                          0x080036be   Section        0  usbd_ctlreq.o(i.USBD_CtlError)
    i.USBD_CtlPrepareRx                      0x080036d4   Section        0  usbd_ioreq.o(i.USBD_CtlPrepareRx)
    i.USBD_CtlReceiveStatus                  0x080036f2   Section        0  usbd_ioreq.o(i.USBD_CtlReceiveStatus)
    i.USBD_CtlSendData                       0x08003708   Section        0  usbd_ioreq.o(i.USBD_CtlSendData)
    i.USBD_CtlSendStatus                     0x08003722   Section        0  usbd_ioreq.o(i.USBD_CtlSendStatus)
    i.USBD_FS_ConfigStrDescriptor            0x08003738   Section        0  usbd_desc.o(i.USBD_FS_ConfigStrDescriptor)
    i.USBD_FS_DeviceDescriptor               0x08003758   Section        0  usbd_desc.o(i.USBD_FS_DeviceDescriptor)
    i.USBD_FS_InterfaceStrDescriptor         0x08003764   Section        0  usbd_desc.o(i.USBD_FS_InterfaceStrDescriptor)
    i.USBD_FS_LangIDStrDescriptor            0x08003788   Section        0  usbd_desc.o(i.USBD_FS_LangIDStrDescriptor)
    i.USBD_FS_ManufacturerStrDescriptor      0x08003794   Section        0  usbd_desc.o(i.USBD_FS_ManufacturerStrDescriptor)
    i.USBD_FS_ProductStrDescriptor           0x080037c0   Section        0  usbd_desc.o(i.USBD_FS_ProductStrDescriptor)
    i.USBD_FS_SerialStrDescriptor            0x080037ec   Section        0  usbd_desc.o(i.USBD_FS_SerialStrDescriptor)
    i.USBD_GetDescriptor                     0x08003810   Section        0  usbd_ctlreq.o(i.USBD_GetDescriptor)
    USBD_GetDescriptor                       0x08003811   Thumb Code   242  usbd_ctlreq.o(i.USBD_GetDescriptor)
    i.USBD_GetString                         0x08003902   Section        0  usbd_ctlreq.o(i.USBD_GetString)
    i.USBD_Init                              0x08003948   Section        0  usbd_core.o(i.USBD_Init)
    i.USBD_LL_ClearStallEP                   0x080039a8   Section        0  usbd_conf.o(i.USBD_LL_ClearStallEP)
    i.USBD_LL_CloseEP                        0x080039c8   Section        0  usbd_conf.o(i.USBD_LL_CloseEP)
    i.USBD_LL_DataInStage                    0x080039e8   Section        0  usbd_core.o(i.USBD_LL_DataInStage)
    i.USBD_LL_DataOutStage                   0x08003a92   Section        0  usbd_core.o(i.USBD_LL_DataOutStage)
    i.USBD_LL_GetRxDataSize                  0x08003afc   Section        0  usbd_conf.o(i.USBD_LL_GetRxDataSize)
    i.USBD_LL_Init                           0x08003b04   Section        0  usbd_conf.o(i.USBD_LL_Init)
    i.USBD_LL_IsStallEP                      0x08003ba0   Section        0  usbd_conf.o(i.USBD_LL_IsStallEP)
    i.USBD_LL_OpenEP                         0x08003bbc   Section        0  usbd_conf.o(i.USBD_LL_OpenEP)
    i.USBD_LL_PrepareReceive                 0x08003be2   Section        0  usbd_conf.o(i.USBD_LL_PrepareReceive)
    i.USBD_LL_Reset                          0x08003c02   Section        0  usbd_core.o(i.USBD_LL_Reset)
    i.USBD_LL_Resume                         0x08003c40   Section        0  usbd_core.o(i.USBD_LL_Resume)
    i.USBD_LL_SOF                            0x08003c4c   Section        0  usbd_core.o(i.USBD_LL_SOF)
    i.USBD_LL_SetSpeed                       0x08003c64   Section        0  usbd_core.o(i.USBD_LL_SetSpeed)
    i.USBD_LL_SetUSBAddress                  0x08003c6a   Section        0  usbd_conf.o(i.USBD_LL_SetUSBAddress)
    i.USBD_LL_SetupStage                     0x08003c8a   Section        0  usbd_core.o(i.USBD_LL_SetupStage)
    i.USBD_LL_StallEP                        0x08003ce4   Section        0  usbd_conf.o(i.USBD_LL_StallEP)
    i.USBD_LL_Start                          0x08003d04   Section        0  usbd_conf.o(i.USBD_LL_Start)
    i.USBD_LL_Suspend                        0x08003d24   Section        0  usbd_core.o(i.USBD_LL_Suspend)
    i.USBD_LL_Transmit                       0x08003d36   Section        0  usbd_conf.o(i.USBD_LL_Transmit)
    i.USBD_ParseSetupRequest                 0x08003d56   Section        0  usbd_ctlreq.o(i.USBD_ParseSetupRequest)
    i.USBD_RegisterClass                     0x08003d80   Section        0  usbd_core.o(i.USBD_RegisterClass)
    i.USBD_SetClassConfig                    0x08003dc8   Section        0  usbd_core.o(i.USBD_SetClassConfig)
    i.USBD_SetConfig                         0x08003de0   Section        0  usbd_ctlreq.o(i.USBD_SetConfig)
    USBD_SetConfig                           0x08003de1   Thumb Code   110  usbd_ctlreq.o(i.USBD_SetConfig)
    i.USBD_Start                             0x08003e54   Section        0  usbd_core.o(i.USBD_Start)
    i.USBD_StdDevReq                         0x08003e5e   Section        0  usbd_ctlreq.o(i.USBD_StdDevReq)
    i.USBD_StdEPReq                          0x08003f50   Section        0  usbd_ctlreq.o(i.USBD_StdEPReq)
    i.USBD_StdItfReq                         0x0800402c   Section        0  usbd_ctlreq.o(i.USBD_StdItfReq)
    i.USBD_static_free                       0x08004060   Section        0  usbd_conf.o(i.USBD_static_free)
    i.USBD_static_malloc                     0x08004064   Section        0  usbd_conf.o(i.USBD_static_malloc)
    i.USB_ActivateEndpoint                   0x0800406c   Section        0  stm32f1xx_ll_usb.o(i.USB_ActivateEndpoint)
    i.USB_CoreInit                           0x080042c8   Section        0  stm32f1xx_ll_usb.o(i.USB_CoreInit)
    i.USB_DeactivateEndpoint                 0x080042cc   Section        0  stm32f1xx_ll_usb.o(i.USB_DeactivateEndpoint)
    i.USB_DevConnect                         0x080043f0   Section        0  stm32f1xx_ll_usb.o(i.USB_DevConnect)
    i.USB_DevDisconnect                      0x080043f4   Section        0  stm32f1xx_ll_usb.o(i.USB_DevDisconnect)
    i.USB_DevInit                            0x080043f8   Section        0  stm32f1xx_ll_usb.o(i.USB_DevInit)
    i.USB_DisableGlobalInt                   0x08004416   Section        0  stm32f1xx_ll_usb.o(i.USB_DisableGlobalInt)
    i.USB_EP0_OutStart                       0x08004424   Section        0  stm32f1xx_ll_usb.o(i.USB_EP0_OutStart)
    i.USB_EPClearStall                       0x08004428   Section        0  stm32f1xx_ll_usb.o(i.USB_EPClearStall)
    i.USB_EPSetStall                         0x08004492   Section        0  stm32f1xx_ll_usb.o(i.USB_EPSetStall)
    i.USB_EPStartXfer                        0x080044dc   Section        0  stm32f1xx_ll_usb.o(i.USB_EPStartXfer)
    i.USB_EnableGlobalInt                    0x08004686   Section        0  stm32f1xx_ll_usb.o(i.USB_EnableGlobalInt)
    i.USB_HP_CAN1_TX_IRQHandler              0x08004694   Section        0  stm32f1xx_it.o(i.USB_HP_CAN1_TX_IRQHandler)
    i.USB_LP_CAN1_RX0_IRQHandler             0x080046a0   Section        0  stm32f1xx_it.o(i.USB_LP_CAN1_RX0_IRQHandler)
    i.USB_ReadInterrupts                     0x080046ac   Section        0  stm32f1xx_ll_usb.o(i.USB_ReadInterrupts)
    i.USB_ReadPMA                            0x080046b4   Section        0  stm32f1xx_ll_usb.o(i.USB_ReadPMA)
    i.USB_SetCurrentMode                     0x080046d2   Section        0  stm32f1xx_ll_usb.o(i.USB_SetCurrentMode)
    i.USB_SetDevAddress                      0x080046d6   Section        0  stm32f1xx_ll_usb.o(i.USB_SetDevAddress)
    i.USB_WritePMA                           0x080046e2   Section        0  stm32f1xx_ll_usb.o(i.USB_WritePMA)
    i.UsageFault_Handler                     0x08004708   Section        0  stm32f1xx_it.o(i.UsageFault_Handler)
    i._Error_Handler                         0x0800470a   Section        0  main.o(i._Error_Handler)
    i.__0printf$6                            0x0800470c   Section        0  printf6.o(i.__0printf$6)
    i.__0sprintf$6                           0x0800472c   Section        0  printf6.o(i.__0sprintf$6)
    i.__aeabi_errno_addr                     0x08004754   Section        0  errno.o(i.__aeabi_errno_addr)
    i.__scatterload_copy                     0x0800475c   Section       14  handlers.o(i.__scatterload_copy)
    i.__scatterload_null                     0x0800476a   Section        2  handlers.o(i.__scatterload_null)
    i.__scatterload_zeroinit                 0x0800476c   Section       14  handlers.o(i.__scatterload_zeroinit)
    i._printf_core                           0x0800477c   Section        0  printf6.o(i._printf_core)
    _printf_core                             0x0800477d   Thumb Code   748  printf6.o(i._printf_core)
    i._printf_post_padding                   0x08004a6c   Section        0  printf6.o(i._printf_post_padding)
    _printf_post_padding                     0x08004a6d   Thumb Code    36  printf6.o(i._printf_post_padding)
    i._printf_pre_padding                    0x08004a90   Section        0  printf6.o(i._printf_pre_padding)
    _printf_pre_padding                      0x08004a91   Thumb Code    46  printf6.o(i._printf_pre_padding)
    i._sputc                                 0x08004abe   Section        0  printf6.o(i._sputc)
    _sputc                                   0x08004abf   Thumb Code    10  printf6.o(i._sputc)
    i.fputc                                  0x08004ac8   Section        0  fputc.o(i.fputc)
    i.free                                   0x08004adc   Section        0  malloc.o(i.free)
    i.main                                   0x08004b2c   Section        0  main.o(i.main)
    i.malloc                                 0x08004ec8   Section        0  malloc.o(i.malloc)
    .constdata                               0x08004f34   Section       16  system_stm32f1xx.o(.constdata)
    .constdata                               0x08004f44   Section        8  system_stm32f1xx.o(.constdata)
    .constdata                               0x08004f4c   Section      129  ctype_o.o(.constdata)
    .constdata                               0x08004fd0   Section        4  ctype_o.o(.constdata)
    table                                    0x08004fd0   Data           4  ctype_o.o(.constdata)
    .data                                    0x20000000   Section       32  main.o(.data)
    .data                                    0x20000020   Section        4  main.o(.data)
    .data                                    0x20000024   Section       16  usbd_cdc_if.o(.data)
    .data                                    0x20000034   Section        1  usbd_cdc_if.o(.data)
    USB_command_buffer_length                0x20000034   Data           1  usbd_cdc_if.o(.data)
    .data                                    0x20000038   Section       28  usbd_desc.o(.data)
    .data                                    0x20000054   Section       22  usbd_desc.o(.data)
    .data                                    0x2000006c   Section        4  stm32f1xx_hal.o(.data)
    .data                                    0x20000070   Section        4  system_stm32f1xx.o(.data)
    .data                                    0x20000074   Section        1  usbd_ctlreq.o(.data)
    cfgidx                                   0x20000074   Data           1  usbd_ctlreq.o(.data)
    .data                                    0x20000078   Section      219  usbd_cdc.o(.data)
    ifalt                                    0x20000078   Data           1  usbd_cdc.o(.data)
    USBD_CDC_DeviceQualifierDesc             0x2000007c   Data          10  usbd_cdc.o(.data)
    .data                                    0x20000154   Section       60  usbd_cdc.o(.data)
    .data                                    0x20000190   Section        4  stdout.o(.data)
    .data                                    0x20000194   Section        4  mvars.o(.data)
    .data                                    0x20000198   Section        4  mvars.o(.data)
    .data                                    0x2000019c   Section        4  errno.o(.data)
    _errno                                   0x2000019c   Data           4  errno.o(.data)
    .bss                                     0x200001a0   Section      196  main.o(.bss)
    .bss                                     0x20000264   Section     4224  usbd_cdc_if.o(.bss)
    USB_command_buffer                       0x20000264   Data         128  usbd_cdc_if.o(.bss)
    .bss                                     0x200012e4   Section     1664  usbd_conf.o(.bss)
    mem                                      0x200012e4   Data         544  usbd_conf.o(.bss)
    .bss                                     0x20001964   Section      512  usbd_desc.o(.bss)
    .bss                                     0x20001b64   Section      548  usb_device.o(.bss)
    HEAP                                     0x20001d88   Section     4096  startup_stm32f103xb.o(HEAP)
    STACK                                    0x20002d88   Section     8192  startup_stm32f103xb.o(STACK)

    Global Symbols

    Symbol Name                              Value     Ov Type        Size  Object(Section)

    BuildAttributes$$THM_ISAv4$P$D$K$B$S$PE$A:L22UL41UL21$X:L11$S22US41US21$IEEE1$IW$USESV6$~STKCKD$USESV7$~SHL$OSPACE$ROPI$EBA8$MICROLIB$REQ8$PRES8$EABIv2 0x00000000   Number         0  anon$$obj.o ABSOLUTE
    __ARM_use_no_argv                        0x00000000   Number         0  main.o ABSOLUTE
    _printf_a                                0x00000000   Number         0  stubs.o ABSOLUTE
    _printf_c                                0x00000000   Number         0  stubs.o ABSOLUTE
    _printf_charcount                        0x00000000   Number         0  stubs.o ABSOLUTE
    _printf_d                                0x00000000   Number         0  stubs.o ABSOLUTE
    _printf_e                                0x00000000   Number         0  stubs.o ABSOLUTE
    _printf_f                                0x00000000   Number         0  stubs.o ABSOLUTE
    _printf_flags                            0x00000000   Number         0  stubs.o ABSOLUTE
    _printf_fp_dec                           0x00000000   Number         0  stubs.o ABSOLUTE
    _printf_fp_hex                           0x00000000   Number         0  stubs.o ABSOLUTE
    _printf_g                                0x00000000   Number         0  stubs.o ABSOLUTE
    _printf_i                                0x00000000   Number         0  stubs.o ABSOLUTE
    _printf_int_dec                          0x00000000   Number         0  stubs.o ABSOLUTE
    _printf_l                                0x00000000   Number         0  stubs.o ABSOLUTE
    _printf_lc                               0x00000000   Number         0  stubs.o ABSOLUTE
    _printf_ll                               0x00000000   Number         0  stubs.o ABSOLUTE
    _printf_lld                              0x00000000   Number         0  stubs.o ABSOLUTE
    _printf_lli                              0x00000000   Number         0  stubs.o ABSOLUTE
    _printf_llo                              0x00000000   Number         0  stubs.o ABSOLUTE
    _printf_llu                              0x00000000   Number         0  stubs.o ABSOLUTE
    _printf_llx                              0x00000000   Number         0  stubs.o ABSOLUTE
    _printf_longlong_dec                     0x00000000   Number         0  stubs.o ABSOLUTE
    _printf_longlong_hex                     0x00000000   Number         0  stubs.o ABSOLUTE
    _printf_longlong_oct                     0x00000000   Number         0  stubs.o ABSOLUTE
    _printf_ls                               0x00000000   Number         0  stubs.o ABSOLUTE
    _printf_mbtowc                           0x00000000   Number         0  stubs.o ABSOLUTE
    _printf_n                                0x00000000   Number         0  stubs.o ABSOLUTE
    _printf_o                                0x00000000   Number         0  stubs.o ABSOLUTE
    _printf_p                                0x00000000   Number         0  stubs.o ABSOLUTE
    _printf_percent                          0x00000000   Number         0  stubs.o ABSOLUTE
    _printf_pre_padding                      0x00000000   Number         0  stubs.o ABSOLUTE
    _printf_return_value                     0x00000000   Number         0  stubs.o ABSOLUTE
    _printf_s                                0x00000000   Number         0  stubs.o ABSOLUTE
    _printf_sizespec                         0x00000000   Number         0  stubs.o ABSOLUTE
    _printf_str                              0x00000000   Number         0  stubs.o ABSOLUTE
    _printf_truncate_signed                  0x00000000   Number         0  stubs.o ABSOLUTE
    _printf_truncate_unsigned                0x00000000   Number         0  stubs.o ABSOLUTE
    _printf_u                                0x00000000   Number         0  stubs.o ABSOLUTE
    _printf_wc                               0x00000000   Number         0  stubs.o ABSOLUTE
    _printf_wctomb                           0x00000000   Number         0  stubs.o ABSOLUTE
    _printf_widthprec                        0x00000000   Number         0  stubs.o ABSOLUTE
    _printf_x                                0x00000000   Number         0  stubs.o ABSOLUTE
    __cpp_initialize__aeabi_                  - Undefined Weak Reference
    __cxa_finalize                            - Undefined Weak Reference
    _clock_init                               - Undefined Weak Reference
    _microlib_exit                            - Undefined Weak Reference
    __Vectors_Size                           0x000000ec   Number         0  startup_stm32f103xb.o ABSOLUTE
    __Vectors                                0x08000000   Data           4  startup_stm32f103xb.o(RESET)
    __Vectors_End                            0x080000ec   Data           0  startup_stm32f103xb.o(RESET)
    __main                                   0x080000ed   Thumb Code     0  entry.o(.ARM.Collect$$$$00000000)
    _main_stk                                0x080000ed   Thumb Code     0  entry2.o(.ARM.Collect$$$$00000001)
    _main_scatterload                        0x080000f1   Thumb Code     0  entry5.o(.ARM.Collect$$$$00000004)
    __main_after_scatterload                 0x080000f5   Thumb Code     0  entry5.o(.ARM.Collect$$$$00000004)
    _main_clock                              0x080000f5   Thumb Code     0  entry7b.o(.ARM.Collect$$$$00000008)
    _main_cpp_init                           0x080000f5   Thumb Code     0  entry8b.o(.ARM.Collect$$$$0000000A)
    _main_init                               0x080000f5   Thumb Code     0  entry9a.o(.ARM.Collect$$$$0000000B)
    __rt_final_cpp                           0x080000fd   Thumb Code     0  entry10a.o(.ARM.Collect$$$$0000000D)
    __rt_final_exit                          0x080000fd   Thumb Code     0  entry11a.o(.ARM.Collect$$$$0000000F)
    Reset_Handler                            0x08000101   Thumb Code     8  startup_stm32f103xb.o(.text)
    ADC1_2_IRQHandler                        0x0800011b   Thumb Code     0  startup_stm32f103xb.o(.text)
    CAN1_RX1_IRQHandler                      0x0800011b   Thumb Code     0  startup_stm32f103xb.o(.text)
    CAN1_SCE_IRQHandler                      0x0800011b   Thumb Code     0  startup_stm32f103xb.o(.text)
    DMA1_Channel1_IRQHandler                 0x0800011b   Thumb Code     0  startup_stm32f103xb.o(.text)
    DMA1_Channel2_IRQHandler                 0x0800011b   Thumb Code     0  startup_stm32f103xb.o(.text)
    DMA1_Channel3_IRQHandler                 0x0800011b   Thumb Code     0  startup_stm32f103xb.o(.text)
    DMA1_Channel4_IRQHandler                 0x0800011b   Thumb Code     0  startup_stm32f103xb.o(.text)
    DMA1_Channel5_IRQHandler                 0x0800011b   Thumb Code     0  startup_stm32f103xb.o(.text)
    DMA1_Channel6_IRQHandler                 0x0800011b   Thumb Code     0  startup_stm32f103xb.o(.text)
    DMA1_Channel7_IRQHandler                 0x0800011b   Thumb Code     0  startup_stm32f103xb.o(.text)
    EXTI0_IRQHandler                         0x0800011b   Thumb Code     0  startup_stm32f103xb.o(.text)
    EXTI15_10_IRQHandler                     0x0800011b   Thumb Code     0  startup_stm32f103xb.o(.text)
    EXTI1_IRQHandler                         0x0800011b   Thumb Code     0  startup_stm32f103xb.o(.text)
    EXTI2_IRQHandler                         0x0800011b   Thumb Code     0  startup_stm32f103xb.o(.text)
    EXTI3_IRQHandler                         0x0800011b   Thumb Code     0  startup_stm32f103xb.o(.text)
    EXTI4_IRQHandler                         0x0800011b   Thumb Code     0  startup_stm32f103xb.o(.text)
    EXTI9_5_IRQHandler                       0x0800011b   Thumb Code     0  startup_stm32f103xb.o(.text)
    FLASH_IRQHandler                         0x0800011b   Thumb Code     0  startup_stm32f103xb.o(.text)
    I2C2_ER_IRQHandler                       0x0800011b   Thumb Code     0  startup_stm32f103xb.o(.text)
    I2C2_EV_IRQHandler                       0x0800011b   Thumb Code     0  startup_stm32f103xb.o(.text)
    PVD_IRQHandler                           0x0800011b   Thumb Code     0  startup_stm32f103xb.o(.text)
    RCC_IRQHandler                           0x0800011b   Thumb Code     0  startup_stm32f103xb.o(.text)
    RTC_Alarm_IRQHandler                     0x0800011b   Thumb Code     0  startup_stm32f103xb.o(.text)
    RTC_IRQHandler                           0x0800011b   Thumb Code     0  startup_stm32f103xb.o(.text)
    SPI1_IRQHandler                          0x0800011b   Thumb Code     0  startup_stm32f103xb.o(.text)
    SPI2_IRQHandler                          0x0800011b   Thumb Code     0  startup_stm32f103xb.o(.text)
    TAMPER_IRQHandler                        0x0800011b   Thumb Code     0  startup_stm32f103xb.o(.text)
    TIM1_BRK_IRQHandler                      0x0800011b   Thumb Code     0  startup_stm32f103xb.o(.text)
    TIM1_CC_IRQHandler                       0x0800011b   Thumb Code     0  startup_stm32f103xb.o(.text)
    TIM1_TRG_COM_IRQHandler                  0x0800011b   Thumb Code     0  startup_stm32f103xb.o(.text)
    TIM1_UP_IRQHandler                       0x0800011b   Thumb Code     0  startup_stm32f103xb.o(.text)
    TIM2_IRQHandler                          0x0800011b   Thumb Code     0  startup_stm32f103xb.o(.text)
    TIM3_IRQHandler                          0x0800011b   Thumb Code     0  startup_stm32f103xb.o(.text)
    TIM4_IRQHandler                          0x0800011b   Thumb Code     0  startup_stm32f103xb.o(.text)
    USART1_IRQHandler                        0x0800011b   Thumb Code     0  startup_stm32f103xb.o(.text)
    USART2_IRQHandler                        0x0800011b   Thumb Code     0  startup_stm32f103xb.o(.text)
    USART3_IRQHandler                        0x0800011b   Thumb Code     0  startup_stm32f103xb.o(.text)
    USBWakeUp_IRQHandler                     0x0800011b   Thumb Code     0  startup_stm32f103xb.o(.text)
    WWDG_IRQHandler                          0x0800011b   Thumb Code     0  startup_stm32f103xb.o(.text)
    __aeabi_llsr                             0x08000125   Thumb Code    32  llushr.o(.text)
    _ll_ushift_r                             0x08000125   Thumb Code     0  llushr.o(.text)
    __aeabi_memcpy                           0x08000145   Thumb Code    36  memcpya.o(.text)
    __aeabi_memcpy4                          0x08000145   Thumb Code     0  memcpya.o(.text)
    __aeabi_memcpy8                          0x08000145   Thumb Code     0  memcpya.o(.text)
    strcmp                                   0x08000169   Thumb Code    28  strcmp.o(.text)
    strcspn                                  0x08000185   Thumb Code    34  strcspn.o(.text)
    atoi                                     0x080001a7   Thumb Code    26  atoi.o(.text)
    __aeabi_dadd                             0x080001c1   Thumb Code   322  dadd.o(.text)
    __aeabi_dsub                             0x08000303   Thumb Code     6  dadd.o(.text)
    __aeabi_drsub                            0x08000309   Thumb Code     6  dadd.o(.text)
    __aeabi_dmul                             0x0800030f   Thumb Code   228  dmul.o(.text)
    __aeabi_ddiv                             0x080003f3   Thumb Code   222  ddiv.o(.text)
    __aeabi_ui2d                             0x080004d1   Thumb Code    26  dfltui.o(.text)
    __aeabi_d2iz                             0x080004eb   Thumb Code    62  dfixi.o(.text)
    __aeabi_uidiv                            0x08000529   Thumb Code     0  uidiv.o(.text)
    __aeabi_uidivmod                         0x08000529   Thumb Code    44  uidiv.o(.text)
    __aeabi_llsl                             0x08000555   Thumb Code    30  llshl.o(.text)
    _ll_shift_l                              0x08000555   Thumb Code     0  llshl.o(.text)
    __aeabi_lasr                             0x08000573   Thumb Code    36  llsshr.o(.text)
    _ll_sshift_r                             0x08000573   Thumb Code     0  llsshr.o(.text)
    strtol                                   0x08000597   Thumb Code   112  strtol.o(.text)
    __I$use$fp                               0x08000607   Thumb Code     0  iusefp.o(.text)
    _double_round                            0x08000607   Thumb Code    30  depilogue.o(.text)
    _double_epilogue                         0x08000625   Thumb Code   156  depilogue.o(.text)
    __scatterload                            0x080006c1   Thumb Code    28  init.o(.text)
    __scatterload_rt2                        0x080006c1   Thumb Code     0  init.o(.text)
    __rt_ctype_table                         0x080006e5   Thumb Code     4  ctype_o.o(.text)
    __semihosting_library_function           0x080006e5   Thumb Code     0  semi.o(.text)
    _strtoul                                 0x080006ed   Thumb Code   158  _strtoul.o(.text)
    __I$use$semihosting$fputc                0x0800078b   Thumb Code     0  iusesemip.o(.text)
    _chval                                   0x0800078b   Thumb Code    28  _chval.o(.text)
    __decompress                             0x080007a7   Thumb Code     0  __dczerorl2.o(.text)
    __decompress1                            0x080007a7   Thumb Code    86  __dczerorl2.o(.text)
    AD5933_get_temperature                   0x080007fd   Thumb Code     4  control_functions.o(i.AD5933_get_temperature)
    AD5933_set_increment                     0x08000801   Thumb Code   122  control_functions.o(i.AD5933_set_increment)
    AD5933_set_start                         0x08000885   Thumb Code     4  control_functions.o(i.AD5933_set_start)
    AD5933_set_steps                         0x08000889   Thumb Code     4  control_functions.o(i.AD5933_set_steps)
    ADC_ConversionStop_Disable               0x0800088d   Thumb Code    76  stm32f1xx_hal_adc.o(i.ADC_ConversionStop_Disable)
    ADC_Enable                               0x080008d9   Thumb Code   104  stm32f1xx_hal_adc.o(i.ADC_Enable)
    BusFault_Handler                         0x08000949   Thumb Code     2  stm32f1xx_it.o(i.BusFault_Handler)
    CDC_Transmit_FS                          0x08000a55   Thumb Code    38  usbd_cdc_if.o(i.CDC_Transmit_FS)
    DebugMon_Handler                         0x08000a81   Thumb Code     2  stm32f1xx_it.o(i.DebugMon_Handler)
    HAL_ADC_ConfigChannel                    0x08000a85   Thumb Code   240  stm32f1xx_hal_adc.o(i.HAL_ADC_ConfigChannel)
    HAL_ADC_GetValue                         0x08000b81   Thumb Code     6  stm32f1xx_hal_adc.o(i.HAL_ADC_GetValue)
    HAL_ADC_Init                             0x08000b89   Thumb Code   272  stm32f1xx_hal_adc.o(i.HAL_ADC_Init)
    HAL_ADC_MspInit                          0x08000ca5   Thumb Code    30  stm32f1xx_hal_msp.o(i.HAL_ADC_MspInit)
    HAL_ADC_Start                            0x08000ccd   Thumb Code   184  stm32f1xx_hal_adc.o(i.HAL_ADC_Start)
    HAL_DMA_Abort_IT                         0x08000d8d   Thumb Code   148  stm32f1xx_hal_dma.o(i.HAL_DMA_Abort_IT)
    HAL_Delay                                0x08000e25   Thumb Code    28  stm32f1xx_hal.o(i.HAL_Delay)
    HAL_GPIO_Init                            0x08000e41   Thumb Code   408  stm32f1xx_hal_gpio.o(i.HAL_GPIO_Init)
    HAL_GPIO_TogglePin                       0x08000ffd   Thumb Code     8  stm32f1xx_hal_gpio.o(i.HAL_GPIO_TogglePin)
    HAL_GPIO_WritePin                        0x08001005   Thumb Code    10  stm32f1xx_hal_gpio.o(i.HAL_GPIO_WritePin)
    HAL_GetTick                              0x08001011   Thumb Code     6  stm32f1xx_hal.o(i.HAL_GetTick)
    HAL_I2C_AbortCpltCallback                0x0800101d   Thumb Code     2  stm32f1xx_hal_i2c.o(i.HAL_I2C_AbortCpltCallback)
    HAL_I2C_AddrCallback                     0x0800101f   Thumb Code     2  stm32f1xx_hal_i2c.o(i.HAL_I2C_AddrCallback)
    HAL_I2C_ER_IRQHandler                    0x08001021   Thumb Code   202  stm32f1xx_hal_i2c.o(i.HAL_I2C_ER_IRQHandler)
    HAL_I2C_EV_IRQHandler                    0x080010f1   Thumb Code   486  stm32f1xx_hal_i2c.o(i.HAL_I2C_EV_IRQHandler)
    HAL_I2C_ErrorCallback                    0x080012e1   Thumb Code     2  stm32f1xx_hal_i2c.o(i.HAL_I2C_ErrorCallback)
    HAL_I2C_Init                             0x080012e5   Thumb Code   254  stm32f1xx_hal_i2c.o(i.HAL_I2C_Init)
    HAL_I2C_ListenCpltCallback               0x080013ed   Thumb Code     2  stm32f1xx_hal_i2c.o(i.HAL_I2C_ListenCpltCallback)
    HAL_I2C_MasterRxCpltCallback             0x080013ef   Thumb Code     2  stm32f1xx_hal_i2c.o(i.HAL_I2C_MasterRxCpltCallback)
    HAL_I2C_MasterTxCpltCallback             0x080013f1   Thumb Code     2  stm32f1xx_hal_i2c.o(i.HAL_I2C_MasterTxCpltCallback)
    HAL_I2C_Master_Transmit                  0x080013f5   Thumb Code   304  stm32f1xx_hal_i2c.o(i.HAL_I2C_Master_Transmit)
    HAL_I2C_MemRxCpltCallback                0x0800152d   Thumb Code     2  stm32f1xx_hal_i2c.o(i.HAL_I2C_MemRxCpltCallback)
    HAL_I2C_MemTxCpltCallback                0x0800152f   Thumb Code     2  stm32f1xx_hal_i2c.o(i.HAL_I2C_MemTxCpltCallback)
    HAL_I2C_MspInit                          0x08001531   Thumb Code    86  stm32f1xx_hal_msp.o(i.HAL_I2C_MspInit)
    HAL_I2C_SlaveRxCpltCallback              0x08001595   Thumb Code     2  stm32f1xx_hal_i2c.o(i.HAL_I2C_SlaveRxCpltCallback)
    HAL_I2C_SlaveTxCpltCallback              0x08001597   Thumb Code     2  stm32f1xx_hal_i2c.o(i.HAL_I2C_SlaveTxCpltCallback)
    HAL_IncTick                              0x08001599   Thumb Code    10  stm32f1xx_hal.o(i.HAL_IncTick)
    HAL_Init                                 0x080015a9   Thumb Code    32  stm32f1xx_hal.o(i.HAL_Init)
    HAL_InitTick                             0x080015cd   Thumb Code    34  stm32f1xx_hal.o(i.HAL_InitTick)
    HAL_MspInit                              0x080015f5   Thumb Code   122  stm32f1xx_hal_msp.o(i.HAL_MspInit)
    HAL_NVIC_EnableIRQ                       0x08001679   Thumb Code    22  stm32f1xx_hal_cortex.o(i.HAL_NVIC_EnableIRQ)
    HAL_NVIC_SetPriority                     0x08001691   Thumb Code    60  stm32f1xx_hal_cortex.o(i.HAL_NVIC_SetPriority)
    HAL_NVIC_SetPriorityGrouping             0x080016d1   Thumb Code    26  stm32f1xx_hal_cortex.o(i.HAL_NVIC_SetPriorityGrouping)
    HAL_PCDEx_PMAConfig                      0x080016f5   Thumb Code    52  stm32f1xx_hal_pcd_ex.o(i.HAL_PCDEx_PMAConfig)
    HAL_PCDEx_SetConnectionState             0x08001729   Thumb Code     2  usbd_conf.o(i.HAL_PCDEx_SetConnectionState)
    HAL_PCD_DataInStageCallback              0x0800172b   Thumb Code    14  usbd_conf.o(i.HAL_PCD_DataInStageCallback)
    HAL_PCD_DataOutStageCallback             0x08001739   Thumb Code    16  usbd_conf.o(i.HAL_PCD_DataOutStageCallback)
    HAL_PCD_EP_Close                         0x08001749   Thumb Code    64  stm32f1xx_hal_pcd.o(i.HAL_PCD_EP_Close)
    HAL_PCD_EP_ClrStall                      0x08001789   Thumb Code    72  stm32f1xx_hal_pcd.o(i.HAL_PCD_EP_ClrStall)
    HAL_PCD_EP_GetRxCount                    0x080017d1   Thumb Code    16  stm32f1xx_hal_pcd.o(i.HAL_PCD_EP_GetRxCount)
    HAL_PCD_EP_Open                          0x080017e1   Thumb Code    68  stm32f1xx_hal_pcd.o(i.HAL_PCD_EP_Open)
    HAL_PCD_EP_Receive                       0x08001825   Thumb Code    46  stm32f1xx_hal_pcd.o(i.HAL_PCD_EP_Receive)
    HAL_PCD_EP_SetStall                      0x08001853   Thumb Code    86  stm32f1xx_hal_pcd.o(i.HAL_PCD_EP_SetStall)
    HAL_PCD_EP_Transmit                      0x080018a9   Thumb Code    42  stm32f1xx_hal_pcd.o(i.HAL_PCD_EP_Transmit)
    HAL_PCD_IRQHandler                       0x080018d3   Thumb Code   268  stm32f1xx_hal_pcd.o(i.HAL_PCD_IRQHandler)
    HAL_PCD_Init                             0x080019e1   Thumb Code   192  stm32f1xx_hal_pcd.o(i.HAL_PCD_Init)
    HAL_PCD_MspInit                          0x08001aa1   Thumb Code    66  usbd_conf.o(i.HAL_PCD_MspInit)
    HAL_PCD_ResetCallback                    0x08001aed   Thumb Code    26  usbd_conf.o(i.HAL_PCD_ResetCallback)
    HAL_PCD_ResumeCallback                   0x08001b07   Thumb Code     8  usbd_conf.o(i.HAL_PCD_ResumeCallback)
    HAL_PCD_SOFCallback                      0x08001b0f   Thumb Code     8  usbd_conf.o(i.HAL_PCD_SOFCallback)
    HAL_PCD_SetAddress                       0x08001b17   Thumb Code    40  stm32f1xx_hal_pcd.o(i.HAL_PCD_SetAddress)
    HAL_PCD_SetupStageCallback               0x08001b3f   Thumb Code    14  usbd_conf.o(i.HAL_PCD_SetupStageCallback)
    HAL_PCD_Start                            0x08001b4d   Thumb Code    50  stm32f1xx_hal_pcd.o(i.HAL_PCD_Start)
    HAL_PCD_SuspendCallback                  0x08001b81   Thumb Code    30  usbd_conf.o(i.HAL_PCD_SuspendCallback)
    HAL_RCCEx_PeriphCLKConfig                0x08001ba5   Thumb Code   224  stm32f1xx_hal_rcc_ex.o(i.HAL_RCCEx_PeriphCLKConfig)
    HAL_RCC_ClockConfig                      0x08001c91   Thumb Code   322  stm32f1xx_hal_rcc.o(i.HAL_RCC_ClockConfig)
    HAL_RCC_GetHCLKFreq                      0x08001de5   Thumb Code     6  stm32f1xx_hal_rcc.o(i.HAL_RCC_GetHCLKFreq)
    HAL_RCC_GetPCLK1Freq                     0x08001df1   Thumb Code    20  stm32f1xx_hal_rcc.o(i.HAL_RCC_GetPCLK1Freq)
    HAL_RCC_GetSysClockFreq                  0x08001e11   Thumb Code    78  stm32f1xx_hal_rcc.o(i.HAL_RCC_GetSysClockFreq)
    HAL_RCC_OscConfig                        0x08001e85   Thumb Code   750  stm32f1xx_hal_rcc.o(i.HAL_RCC_OscConfig)
    HAL_SYSTICK_CLKSourceConfig              0x08002189   Thumb Code    24  stm32f1xx_hal_cortex.o(i.HAL_SYSTICK_CLKSourceConfig)
    HAL_SYSTICK_Callback                     0x080021a1   Thumb Code     2  stm32f1xx_hal_cortex.o(i.HAL_SYSTICK_Callback)
    HAL_SYSTICK_Config                       0x080021a3   Thumb Code    40  stm32f1xx_hal_cortex.o(i.HAL_SYSTICK_Config)
    HAL_SYSTICK_IRQHandler                   0x080021cb   Thumb Code     8  stm32f1xx_hal_cortex.o(i.HAL_SYSTICK_IRQHandler)
    HAL_TIMEx_MasterConfigSynchronization    0x080021d3   Thumb Code    80  stm32f1xx_hal_tim_ex.o(i.HAL_TIMEx_MasterConfigSynchronization)
    HAL_TIM_Base_Init                        0x08002223   Thumb Code    54  stm32f1xx_hal_tim.o(i.HAL_TIM_Base_Init)
    HAL_TIM_Base_MspInit                     0x08002259   Thumb Code    54  stm32f1xx_hal_msp.o(i.HAL_TIM_Base_MspInit)
    HAL_TIM_SlaveConfigSynchronization       0x0800229d   Thumb Code    66  stm32f1xx_hal_tim.o(i.HAL_TIM_SlaveConfigSynchronization)
    HardFault_Handler                        0x080022df   Thumb Code     2  stm32f1xx_it.o(i.HardFault_Handler)
    I2C1_ER_IRQHandler                       0x080022e1   Thumb Code     6  stm32f1xx_it.o(i.I2C1_ER_IRQHandler)
    I2C1_EV_IRQHandler                       0x080022ed   Thumb Code     6  stm32f1xx_it.o(i.I2C1_EV_IRQHandler)
    MCU_get_temperature                      0x08002c85   Thumb Code    64  control_functions.o(i.MCU_get_temperature)
    MX_USB_DEVICE_Init                       0x08002e6d   Thumb Code    38  usb_device.o(i.MX_USB_DEVICE_Init)
    MemManage_Handler                        0x08002ea5   Thumb Code     2  stm32f1xx_it.o(i.MemManage_Handler)
    NMI_Handler                              0x08002ea7   Thumb Code     2  stm32f1xx_it.o(i.NMI_Handler)
    PendSV_Handler                           0x0800322b   Thumb Code     2  stm32f1xx_it.o(i.PendSV_Handler)
    SVC_Handler                              0x0800322d   Thumb Code     2  stm32f1xx_it.o(i.SVC_Handler)
    SysTick_Handler                          0x0800322f   Thumb Code    14  stm32f1xx_it.o(i.SysTick_Handler)
    SystemClock_Config                       0x0800323d   Thumb Code   124  main.o(i.SystemClock_Config)
    SystemInit                               0x080032b9   Thumb Code    56  system_stm32f1xx.o(i.SystemInit)
    TIM_Base_SetConfig                       0x08003301   Thumb Code    94  stm32f1xx_hal_tim.o(i.TIM_Base_SetConfig)
    USBD_CDC_GetDeviceQualifierDescriptor    0x080034e5   Thumb Code     8  usbd_cdc.o(i.USBD_CDC_GetDeviceQualifierDescriptor)
    USBD_CDC_ReceivePacket                   0x0800359d   Thumb Code    40  usbd_cdc.o(i.USBD_CDC_ReceivePacket)
    USBD_CDC_RegisterInterface               0x080035c5   Thumb Code    16  usbd_cdc.o(i.USBD_CDC_RegisterInterface)
    USBD_CDC_SetRxBuffer                     0x080035d5   Thumb Code    12  usbd_cdc.o(i.USBD_CDC_SetRxBuffer)
    USBD_CDC_SetTxBuffer                     0x080035e1   Thumb Code    16  usbd_cdc.o(i.USBD_CDC_SetTxBuffer)
    USBD_CDC_TransmitPacket                  0x08003661   Thumb Code    48  usbd_cdc.o(i.USBD_CDC_TransmitPacket)
    USBD_ClrClassConfig                      0x08003691   Thumb Code    14  usbd_core.o(i.USBD_ClrClassConfig)
    USBD_CtlContinueRx                       0x0800369f   Thumb Code    16  usbd_ioreq.o(i.USBD_CtlContinueRx)
    USBD_CtlContinueSendData                 0x080036af   Thumb Code    16  usbd_ioreq.o(i.USBD_CtlContinueSendData)
    USBD_CtlError                            0x080036bf   Thumb Code    22  usbd_ctlreq.o(i.USBD_CtlError)
    USBD_CtlPrepareRx                        0x080036d5   Thumb Code    30  usbd_ioreq.o(i.USBD_CtlPrepareRx)
    USBD_CtlReceiveStatus                    0x080036f3   Thumb Code    22  usbd_ioreq.o(i.USBD_CtlReceiveStatus)
    USBD_CtlSendData                         0x08003709   Thumb Code    26  usbd_ioreq.o(i.USBD_CtlSendData)
    USBD_CtlSendStatus                       0x08003723   Thumb Code    22  usbd_ioreq.o(i.USBD_CtlSendStatus)
    USBD_FS_ConfigStrDescriptor              0x08003739   Thumb Code    16  usbd_desc.o(i.USBD_FS_ConfigStrDescriptor)
    USBD_FS_DeviceDescriptor                 0x08003759   Thumb Code     8  usbd_desc.o(i.USBD_FS_DeviceDescriptor)
    USBD_FS_InterfaceStrDescriptor           0x08003765   Thumb Code    16  usbd_desc.o(i.USBD_FS_InterfaceStrDescriptor)
    USBD_FS_LangIDStrDescriptor              0x08003789   Thumb Code     8  usbd_desc.o(i.USBD_FS_LangIDStrDescriptor)
    USBD_FS_ManufacturerStrDescriptor        0x08003795   Thumb Code    16  usbd_desc.o(i.USBD_FS_ManufacturerStrDescriptor)
    USBD_FS_ProductStrDescriptor             0x080037c1   Thumb Code    16  usbd_desc.o(i.USBD_FS_ProductStrDescriptor)
    USBD_FS_SerialStrDescriptor              0x080037ed   Thumb Code    16  usbd_desc.o(i.USBD_FS_SerialStrDescriptor)
    USBD_GetString                           0x08003903   Thumb Code    70  usbd_ctlreq.o(i.USBD_GetString)
    USBD_Init                                0x08003949   Thumb Code    60  usbd_core.o(i.USBD_Init)
    USBD_LL_ClearStallEP                     0x080039a9   Thumb Code    32  usbd_conf.o(i.USBD_LL_ClearStallEP)
    USBD_LL_CloseEP                          0x080039c9   Thumb Code    32  usbd_conf.o(i.USBD_LL_CloseEP)
    USBD_LL_DataInStage                      0x080039e9   Thumb Code   170  usbd_core.o(i.USBD_LL_DataInStage)
    USBD_LL_DataOutStage                     0x08003a93   Thumb Code   106  usbd_core.o(i.USBD_LL_DataOutStage)
    USBD_LL_GetRxDataSize                    0x08003afd   Thumb Code     8  usbd_conf.o(i.USBD_LL_GetRxDataSize)
    USBD_LL_Init                             0x08003b05   Thumb Code   128  usbd_conf.o(i.USBD_LL_Init)
    USBD_LL_IsStallEP                        0x08003ba1   Thumb Code    28  usbd_conf.o(i.USBD_LL_IsStallEP)
    USBD_LL_OpenEP                           0x08003bbd   Thumb Code    38  usbd_conf.o(i.USBD_LL_OpenEP)
    USBD_LL_PrepareReceive                   0x08003be3   Thumb Code    32  usbd_conf.o(i.USBD_LL_PrepareReceive)
    USBD_LL_Reset                            0x08003c03   Thumb Code    62  usbd_core.o(i.USBD_LL_Reset)
    USBD_LL_Resume                           0x08003c41   Thumb Code    12  usbd_core.o(i.USBD_LL_Resume)
    USBD_LL_SOF                              0x08003c4d   Thumb Code    24  usbd_core.o(i.USBD_LL_SOF)
    USBD_LL_SetSpeed                         0x08003c65   Thumb Code     6  usbd_core.o(i.USBD_LL_SetSpeed)
    USBD_LL_SetUSBAddress                    0x08003c6b   Thumb Code    32  usbd_conf.o(i.USBD_LL_SetUSBAddress)
    USBD_LL_SetupStage                       0x08003c8b   Thumb Code    90  usbd_core.o(i.USBD_LL_SetupStage)
    USBD_LL_StallEP                          0x08003ce5   Thumb Code    32  usbd_conf.o(i.USBD_LL_StallEP)
    USBD_LL_Start                            0x08003d05   Thumb Code    32  usbd_conf.o(i.USBD_LL_Start)
    USBD_LL_Suspend                          0x08003d25   Thumb Code    18  usbd_core.o(i.USBD_LL_Suspend)
    USBD_LL_Transmit                         0x08003d37   Thumb Code    32  usbd_conf.o(i.USBD_LL_Transmit)
    USBD_ParseSetupRequest                   0x08003d57   Thumb Code    40  usbd_ctlreq.o(i.USBD_ParseSetupRequest)
    USBD_RegisterClass                       0x08003d81   Thumb Code    36  usbd_core.o(i.USBD_RegisterClass)
    USBD_SetClassConfig                      0x08003dc9   Thumb Code    22  usbd_core.o(i.USBD_SetClassConfig)
    USBD_Start                               0x08003e55   Thumb Code    10  usbd_core.o(i.USBD_Start)
    USBD_StdDevReq                           0x08003e5f   Thumb Code   242  usbd_ctlreq.o(i.USBD_StdDevReq)
    USBD_StdEPReq                            0x08003f51   Thumb Code   220  usbd_ctlreq.o(i.USBD_StdEPReq)
    USBD_StdItfReq                           0x0800402d   Thumb Code    52  usbd_ctlreq.o(i.USBD_StdItfReq)
    USBD_static_free                         0x08004061   Thumb Code     2  usbd_conf.o(i.USBD_static_free)
    USBD_static_malloc                       0x08004065   Thumb Code     4  usbd_conf.o(i.USBD_static_malloc)
    USB_ActivateEndpoint                     0x0800406d   Thumb Code   604  stm32f1xx_ll_usb.o(i.USB_ActivateEndpoint)
    USB_CoreInit                             0x080042c9   Thumb Code     4  stm32f1xx_ll_usb.o(i.USB_CoreInit)
    USB_DeactivateEndpoint                   0x080042cd   Thumb Code   292  stm32f1xx_ll_usb.o(i.USB_DeactivateEndpoint)
    USB_DevConnect                           0x080043f1   Thumb Code     4  stm32f1xx_ll_usb.o(i.USB_DevConnect)
    USB_DevDisconnect                        0x080043f5   Thumb Code     4  stm32f1xx_ll_usb.o(i.USB_DevDisconnect)
    USB_DevInit                              0x080043f9   Thumb Code    30  stm32f1xx_ll_usb.o(i.USB_DevInit)
    USB_DisableGlobalInt                     0x08004417   Thumb Code    14  stm32f1xx_ll_usb.o(i.USB_DisableGlobalInt)
    USB_EP0_OutStart                         0x08004425   Thumb Code     4  stm32f1xx_ll_usb.o(i.USB_EP0_OutStart)
    USB_EPClearStall                         0x08004429   Thumb Code   106  stm32f1xx_ll_usb.o(i.USB_EPClearStall)
    USB_EPSetStall                           0x08004493   Thumb Code    74  stm32f1xx_ll_usb.o(i.USB_EPSetStall)
    USB_EPStartXfer                          0x080044dd   Thumb Code   426  stm32f1xx_ll_usb.o(i.USB_EPStartXfer)
    USB_EnableGlobalInt                      0x08004687   Thumb Code    14  stm32f1xx_ll_usb.o(i.USB_EnableGlobalInt)
    USB_HP_CAN1_TX_IRQHandler                0x08004695   Thumb Code     6  stm32f1xx_it.o(i.USB_HP_CAN1_TX_IRQHandler)
    USB_LP_CAN1_RX0_IRQHandler               0x080046a1   Thumb Code     6  stm32f1xx_it.o(i.USB_LP_CAN1_RX0_IRQHandler)
    USB_ReadInterrupts                       0x080046ad   Thumb Code     6  stm32f1xx_ll_usb.o(i.USB_ReadInterrupts)
    USB_ReadPMA                              0x080046b5   Thumb Code    30  stm32f1xx_ll_usb.o(i.USB_ReadPMA)
    USB_SetCurrentMode                       0x080046d3   Thumb Code     4  stm32f1xx_ll_usb.o(i.USB_SetCurrentMode)
    USB_SetDevAddress                        0x080046d7   Thumb Code    12  stm32f1xx_ll_usb.o(i.USB_SetDevAddress)
    USB_WritePMA                             0x080046e3   Thumb Code    38  stm32f1xx_ll_usb.o(i.USB_WritePMA)
    UsageFault_Handler                       0x08004709   Thumb Code     2  stm32f1xx_it.o(i.UsageFault_Handler)
    _Error_Handler                           0x0800470b   Thumb Code     2  main.o(i._Error_Handler)
    __0printf$6                              0x0800470d   Thumb Code    22  printf6.o(i.__0printf$6)
    __1printf$6                              0x0800470d   Thumb Code     0  printf6.o(i.__0printf$6)
    __2printf                                0x0800470d   Thumb Code     0  printf6.o(i.__0printf$6)
    __0sprintf$6                             0x0800472d   Thumb Code    34  printf6.o(i.__0sprintf$6)
    __1sprintf$6                             0x0800472d   Thumb Code     0  printf6.o(i.__0sprintf$6)
    __2sprintf                               0x0800472d   Thumb Code     0  printf6.o(i.__0sprintf$6)
    __aeabi_errno_addr                       0x08004755   Thumb Code     4  errno.o(i.__aeabi_errno_addr)
    __rt_errno_addr                          0x08004755   Thumb Code     0  errno.o(i.__aeabi_errno_addr)
    __scatterload_copy                       0x0800475d   Thumb Code    14  handlers.o(i.__scatterload_copy)
    __scatterload_null                       0x0800476b   Thumb Code     2  handlers.o(i.__scatterload_null)
    __scatterload_zeroinit                   0x0800476d   Thumb Code    14  handlers.o(i.__scatterload_zeroinit)
    fputc                                    0x08004ac9   Thumb Code    18  fputc.o(i.fputc)
    free                                     0x08004add   Thumb Code    76  malloc.o(i.free)
    main                                     0x08004b2d   Thumb Code   568  main.o(i.main)
    malloc                                   0x08004ec9   Thumb Code    92  malloc.o(i.malloc)
    AHBPrescTable                            0x08004f34   Data          16  system_stm32f1xx.o(.constdata)
    APBPrescTable                            0x08004f44   Data           8  system_stm32f1xx.o(.constdata)
    __ctype_table                            0x08004f4c   Data         129  ctype_o.o(.constdata)
    Region$$Table$$Base                      0x08004fd4   Number         0  anon$$obj.o(Region$$Table)
    Region$$Table$$Limit                     0x08004ff4   Number         0  anon$$obj.o(Region$$Table)
    USB_new_command                          0x20000000   Data           1  main.o(.data)
    measurement_configuration                0x20000001   Data           1  main.o(.data)
    measurements_to_go                       0x20000002   Data           1  main.o(.data)
    frequency_set                            0x20000003   Data           1  main.o(.data)
    number_of_points                         0x20000004   Data           2  main.o(.data)
    start_frequency                          0x20000006   Data           2  main.o(.data)
    frequency_increment                      0x20000008   Data           2  main.o(.data)
    AD5933_address                           0x2000000a   Data           2  main.o(.data)
    USB_command                              0x2000000c   Data           4  main.o(.data)
    USB_parameter                            0x20000010   Data           4  main.o(.data)
    measurement_real                         0x20000014   Data           4  main.o(.data)
    measurement_imaginary                    0x20000018   Data           4  main.o(.data)
    frequency                                0x2000001c   Data           4  main.o(.data)
    AD5933_clock                             0x20000020   Data           4  main.o(.data)
    USBD_Interface_fops_FS                   0x20000024   Data          16  usbd_cdc_if.o(.data)
    FS_Desc                                  0x20000038   Data          28  usbd_desc.o(.data)
    USBD_LangIDDesc                          0x20000054   Data           4  usbd_desc.o(.data)
    USBD_FS_DeviceDesc                       0x20000058   Data          18  usbd_desc.o(.data)
    uwTick                                   0x2000006c   Data           4  stm32f1xx_hal.o(.data)
    SystemCoreClock                          0x20000070   Data           4  system_stm32f1xx.o(.data)
    USBD_CDC_CfgHSDesc                       0x20000088   Data          67  usbd_cdc.o(.data)
    USBD_CDC_CfgFSDesc                       0x200000cc   Data          67  usbd_cdc.o(.data)
    USBD_CDC_OtherSpeedCfgDesc               0x20000110   Data          67  usbd_cdc.o(.data)
    USBD_CDC                                 0x20000154   Data          60  usbd_cdc.o(.data)
    __stdout                                 0x20000190   Data           4  stdout.o(.data)
    __microlib_freelist                      0x20000194   Data           4  mvars.o(.data)
    __microlib_freelist_initialised          0x20000198   Data           4  mvars.o(.data)
    hadc1                                    0x200001a0   Data          48  main.o(.bss)
    hi2c1                                    0x200001d0   Data          84  main.o(.bss)
    htim1                                    0x20000224   Data          64  main.o(.bss)
    UserRxBufferFS                           0x200002e4   Data        2048  usbd_cdc_if.o(.bss)
    UserTxBufferFS                           0x20000ae4   Data        2048  usbd_cdc_if.o(.bss)
    hpcd_USB_FS                              0x20001504   Data        1120  usbd_conf.o(.bss)
    USBD_StrDesc                             0x20001964   Data         512  usbd_desc.o(.bss)
    hUsbDeviceFS                             0x20001b64   Data         548  usb_device.o(.bss)
    __heap_base                              0x20001d88   Data           0  startup_stm32f103xb.o(HEAP)
    __heap_limit                             0x20002d88   Data           0  startup_stm32f103xb.o(HEAP)
    __initial_sp                             0x20004d88   Data           0  startup_stm32f103xb.o(STACK)



==============================================================================

Memory Map of the image

  Image Entry point : 0x080000ed

  Load Region LR_IROM1 (Base: 0x08000000, Size: 0x00005194, Max: 0x00020000, ABSOLUTE, COMPRESSED[0x000050b0])

    Execution Region ER_IROM1 (Base: 0x08000000, Size: 0x00004ff4, Max: 0x00020000, ABSOLUTE)

    Base Addr    Size         Type   Attr      Idx    E Section Name        Object

    0x08000000   0x000000ec   Data   RO         4180    RESET               startup_stm32f103xb.o
    0x080000ec   0x00000000   Code   RO         4185  * .ARM.Collect$$$$00000000  mc_w.l(entry.o)
    0x080000ec   0x00000004   Code   RO         4499    .ARM.Collect$$$$00000001  mc_w.l(entry2.o)
    0x080000f0   0x00000004   Code   RO         4502    .ARM.Collect$$$$00000004  mc_w.l(entry5.o)
    0x080000f4   0x00000000   Code   RO         4504    .ARM.Collect$$$$00000008  mc_w.l(entry7b.o)
    0x080000f4   0x00000000   Code   RO         4506    .ARM.Collect$$$$0000000A  mc_w.l(entry8b.o)
    0x080000f4   0x00000008   Code   RO         4507    .ARM.Collect$$$$0000000B  mc_w.l(entry9a.o)
    0x080000fc   0x00000000   Code   RO         4509    .ARM.Collect$$$$0000000D  mc_w.l(entry10a.o)
    0x080000fc   0x00000000   Code   RO         4511    .ARM.Collect$$$$0000000F  mc_w.l(entry11a.o)
    0x080000fc   0x00000004   Code   RO         4500    .ARM.Collect$$$$00002712  mc_w.l(entry2.o)
    0x08000100   0x00000024   Code   RO         4181    .text               startup_stm32f103xb.o
    0x08000124   0x00000020   Code   RO         4188    .text               mc_w.l(llushr.o)
    0x08000144   0x00000024   Code   RO         4190    .text               mc_w.l(memcpya.o)
    0x08000168   0x0000001c   Code   RO         4192    .text               mc_w.l(strcmp.o)
    0x08000184   0x00000022   Code   RO         4194    .text               mc_w.l(strcspn.o)
    0x080001a6   0x0000001a   Code   RO         4487    .text               mc_w.l(atoi.o)
    0x080001c0   0x0000014e   Code   RO         4489    .text               mf_w.l(dadd.o)
    0x0800030e   0x000000e4   Code   RO         4491    .text               mf_w.l(dmul.o)
    0x080003f2   0x000000de   Code   RO         4493    .text               mf_w.l(ddiv.o)
    0x080004d0   0x0000001a   Code   RO         4495    .text               mf_w.l(dfltui.o)
    0x080004ea   0x0000003e   Code   RO         4497    .text               mf_w.l(dfixi.o)
    0x08000528   0x0000002c   Code   RO         4516    .text               mc_w.l(uidiv.o)
    0x08000554   0x0000001e   Code   RO         4520    .text               mc_w.l(llshl.o)
    0x08000572   0x00000024   Code   RO         4522    .text               mc_w.l(llsshr.o)
    0x08000596   0x00000070   Code   RO         4533    .text               mc_w.l(strtol.o)
    0x08000606   0x00000000   Code   RO         4535    .text               mc_w.l(iusefp.o)
    0x08000606   0x000000ba   Code   RO         4536    .text               mf_w.l(depilogue.o)
    0x080006c0   0x00000024   Code   RO         4542    .text               mc_w.l(init.o)
    0x080006e4   0x00000000   Code   RO         4544    .text               mc_w.l(semi.o)
    0x080006e4   0x00000008   Code   RO         4545    .text               mc_w.l(ctype_o.o)
    0x080006ec   0x0000009e   Code   RO         4573    .text               mc_w.l(_strtoul.o)
    0x0800078a   0x00000000   Code   RO         4575    .text               mc_w.l(iusesemip.o)
    0x0800078a   0x0000001c   Code   RO         4576    .text               mc_w.l(_chval.o)
    0x080007a6   0x00000056   Code   RO         4586    .text               mc_w.l(__dczerorl2.o)
    0x080007fc   0x00000004   Code   RO          742    i.AD5933_get_temperature  control_functions.o
    0x08000800   0x00000084   Code   RO          748    i.AD5933_set_increment  control_functions.o
    0x08000884   0x00000004   Code   RO          750    i.AD5933_set_start  control_functions.o
    0x08000888   0x00000004   Code   RO          751    i.AD5933_set_steps  control_functions.o
    0x0800088c   0x0000004c   Code   RO          893    i.ADC_ConversionStop_Disable  stm32f1xx_hal_adc.o
    0x080008d8   0x00000070   Code   RO          897    i.ADC_Enable        stm32f1xx_hal_adc.o
    0x08000948   0x00000002   Code   RO          607    i.BusFault_Handler  stm32f1xx_it.o
    0x0800094a   0x00000004   Code   RO          212    i.CDC_Control_FS    usbd_cdc_if.o
    0x0800094e   0x00000004   Code   RO          213    i.CDC_DeInit_FS     usbd_cdc_if.o
    0x08000952   0x00000002   PAD
    0x08000954   0x00000024   Code   RO          214    i.CDC_Init_FS       usbd_cdc_if.o
    0x08000978   0x000000dc   Code   RO          215    i.CDC_Receive_FS    usbd_cdc_if.o
    0x08000a54   0x0000002c   Code   RO          216    i.CDC_Transmit_FS   usbd_cdc_if.o
    0x08000a80   0x00000002   Code   RO          608    i.DebugMon_Handler  stm32f1xx_it.o
    0x08000a82   0x00000002   PAD
    0x08000a84   0x000000fc   Code   RO          899    i.HAL_ADC_ConfigChannel  stm32f1xx_hal_adc.o
    0x08000b80   0x00000006   Code   RO          906    i.HAL_ADC_GetValue  stm32f1xx_hal_adc.o
    0x08000b86   0x00000002   PAD
    0x08000b88   0x0000011c   Code   RO          908    i.HAL_ADC_Init      stm32f1xx_hal_adc.o
    0x08000ca4   0x00000028   Code   RO          477    i.HAL_ADC_MspInit   stm32f1xx_hal_msp.o
    0x08000ccc   0x000000c0   Code   RO          914    i.HAL_ADC_Start     stm32f1xx_hal_adc.o
    0x08000d8c   0x00000098   Code   RO         1806    i.HAL_DMA_Abort_IT  stm32f1xx_hal_dma.o
    0x08000e24   0x0000001c   Code   RO         3009    i.HAL_Delay         stm32f1xx_hal.o
    0x08000e40   0x000001bc   Code   RO         1076    i.HAL_GPIO_Init     stm32f1xx_hal_gpio.o
    0x08000ffc   0x00000008   Code   RO         1079    i.HAL_GPIO_TogglePin  stm32f1xx_hal_gpio.o
    0x08001004   0x0000000a   Code   RO         1080    i.HAL_GPIO_WritePin  stm32f1xx_hal_gpio.o
    0x0800100e   0x00000002   PAD
    0x08001010   0x0000000c   Code   RO         3013    i.HAL_GetTick       stm32f1xx_hal.o
    0x0800101c   0x00000002   Code   RO         1899    i.HAL_I2C_AbortCpltCallback  stm32f1xx_hal_i2c.o
    0x0800101e   0x00000002   Code   RO         1900    i.HAL_I2C_AddrCallback  stm32f1xx_hal_i2c.o
    0x08001020   0x000000d0   Code   RO         1903    i.HAL_I2C_ER_IRQHandler  stm32f1xx_hal_i2c.o
    0x080010f0   0x000001f0   Code   RO         1904    i.HAL_I2C_EV_IRQHandler  stm32f1xx_hal_i2c.o
    0x080012e0   0x00000002   Code   RO         1906    i.HAL_I2C_ErrorCallback  stm32f1xx_hal_i2c.o
    0x080012e2   0x00000002   PAD
    0x080012e4   0x00000108   Code   RO         1910    i.HAL_I2C_Init      stm32f1xx_hal_i2c.o
    0x080013ec   0x00000002   Code   RO         1912    i.HAL_I2C_ListenCpltCallback  stm32f1xx_hal_i2c.o
    0x080013ee   0x00000002   Code   RO         1913    i.HAL_I2C_MasterRxCpltCallback  stm32f1xx_hal_i2c.o
    0x080013f0   0x00000002   Code   RO         1914    i.HAL_I2C_MasterTxCpltCallback  stm32f1xx_hal_i2c.o
    0x080013f2   0x00000002   PAD
    0x080013f4   0x00000138   Code   RO         1921    i.HAL_I2C_Master_Transmit  stm32f1xx_hal_i2c.o
    0x0800152c   0x00000002   Code   RO         1924    i.HAL_I2C_MemRxCpltCallback  stm32f1xx_hal_i2c.o
    0x0800152e   0x00000002   Code   RO         1925    i.HAL_I2C_MemTxCpltCallback  stm32f1xx_hal_i2c.o
    0x08001530   0x00000064   Code   RO          479    i.HAL_I2C_MspInit   stm32f1xx_hal_msp.o
    0x08001594   0x00000002   Code   RO         1934    i.HAL_I2C_SlaveRxCpltCallback  stm32f1xx_hal_i2c.o
    0x08001596   0x00000002   Code   RO         1935    i.HAL_I2C_SlaveTxCpltCallback  stm32f1xx_hal_i2c.o
    0x08001598   0x00000010   Code   RO         3015    i.HAL_IncTick       stm32f1xx_hal.o
    0x080015a8   0x00000024   Code   RO         3016    i.HAL_Init          stm32f1xx_hal.o
    0x080015cc   0x00000028   Code   RO         3017    i.HAL_InitTick      stm32f1xx_hal.o
    0x080015f4   0x00000084   Code   RO          480    i.HAL_MspInit       stm32f1xx_hal_msp.o
    0x08001678   0x00000016   Code   RO         1243    i.HAL_NVIC_EnableIRQ  stm32f1xx_hal_cortex.o
    0x0800168e   0x00000002   PAD
    0x08001690   0x00000040   Code   RO         1249    i.HAL_NVIC_SetPriority  stm32f1xx_hal_cortex.o
    0x080016d0   0x00000024   Code   RO         1250    i.HAL_NVIC_SetPriorityGrouping  stm32f1xx_hal_cortex.o
    0x080016f4   0x00000034   Code   RO         1582    i.HAL_PCDEx_PMAConfig  stm32f1xx_hal_pcd_ex.o
    0x08001728   0x00000002   Code   RO          269    i.HAL_PCDEx_SetConnectionState  usbd_conf.o
    0x0800172a   0x0000000e   Code   RO          271    i.HAL_PCD_DataInStageCallback  usbd_conf.o
    0x08001738   0x00000010   Code   RO          272    i.HAL_PCD_DataOutStageCallback  usbd_conf.o
    0x08001748   0x00000040   Code   RO         2664    i.HAL_PCD_EP_Close  stm32f1xx_hal_pcd.o
    0x08001788   0x00000048   Code   RO         2665    i.HAL_PCD_EP_ClrStall  stm32f1xx_hal_pcd.o
    0x080017d0   0x00000010   Code   RO         2667    i.HAL_PCD_EP_GetRxCount  stm32f1xx_hal_pcd.o
    0x080017e0   0x00000044   Code   RO         2668    i.HAL_PCD_EP_Open   stm32f1xx_hal_pcd.o
    0x08001824   0x0000002e   Code   RO         2669    i.HAL_PCD_EP_Receive  stm32f1xx_hal_pcd.o
    0x08001852   0x00000056   Code   RO         2670    i.HAL_PCD_EP_SetStall  stm32f1xx_hal_pcd.o
    0x080018a8   0x0000002a   Code   RO         2671    i.HAL_PCD_EP_Transmit  stm32f1xx_hal_pcd.o
    0x080018d2   0x0000010c   Code   RO         2673    i.HAL_PCD_IRQHandler  stm32f1xx_hal_pcd.o
    0x080019de   0x00000002   PAD
    0x080019e0   0x000000c0   Code   RO         2676    i.HAL_PCD_Init      stm32f1xx_hal_pcd.o
    0x08001aa0   0x0000004c   Code   RO          277    i.HAL_PCD_MspInit   usbd_conf.o
    0x08001aec   0x0000001a   Code   RO          278    i.HAL_PCD_ResetCallback  usbd_conf.o
    0x08001b06   0x00000008   Code   RO          279    i.HAL_PCD_ResumeCallback  usbd_conf.o
    0x08001b0e   0x00000008   Code   RO          280    i.HAL_PCD_SOFCallback  usbd_conf.o
    0x08001b16   0x00000028   Code   RO         2682    i.HAL_PCD_SetAddress  stm32f1xx_hal_pcd.o
    0x08001b3e   0x0000000e   Code   RO          281    i.HAL_PCD_SetupStageCallback  usbd_conf.o
    0x08001b4c   0x00000032   Code   RO         2684    i.HAL_PCD_Start     stm32f1xx_hal_pcd.o
    0x08001b7e   0x00000002   PAD
    0x08001b80   0x00000024   Code   RO          282    i.HAL_PCD_SuspendCallback  usbd_conf.o
    0x08001ba4   0x000000ec   Code   RO         1548    i.HAL_RCCEx_PeriphCLKConfig  stm32f1xx_hal_rcc_ex.o
    0x08001c90   0x00000154   Code   RO         1140    i.HAL_RCC_ClockConfig  stm32f1xx_hal_rcc.o
    0x08001de4   0x0000000c   Code   RO         1145    i.HAL_RCC_GetHCLKFreq  stm32f1xx_hal_rcc.o
    0x08001df0   0x00000020   Code   RO         1147    i.HAL_RCC_GetPCLK1Freq  stm32f1xx_hal_rcc.o
    0x08001e10   0x00000074   Code   RO         1149    i.HAL_RCC_GetSysClockFreq  stm32f1xx_hal_rcc.o
    0x08001e84   0x00000304   Code   RO         1152    i.HAL_RCC_OscConfig  stm32f1xx_hal_rcc.o
    0x08002188   0x00000018   Code   RO         1252    i.HAL_SYSTICK_CLKSourceConfig  stm32f1xx_hal_cortex.o
    0x080021a0   0x00000002   Code   RO         1253    i.HAL_SYSTICK_Callback  stm32f1xx_hal_cortex.o
    0x080021a2   0x00000028   Code   RO         1254    i.HAL_SYSTICK_Config  stm32f1xx_hal_cortex.o
    0x080021ca   0x00000008   Code   RO         1255    i.HAL_SYSTICK_IRQHandler  stm32f1xx_hal_cortex.o
    0x080021d2   0x00000050   Code   RO         2314    i.HAL_TIMEx_MasterConfigSynchronization  stm32f1xx_hal_tim_ex.o
    0x08002222   0x00000036   Code   RO         3145    i.HAL_TIM_Base_Init  stm32f1xx_hal_tim.o
    0x08002258   0x00000044   Code   RO          482    i.HAL_TIM_Base_MspInit  stm32f1xx_hal_msp.o
    0x0800229c   0x00000042   Code   RO         3226    i.HAL_TIM_SlaveConfigSynchronization  stm32f1xx_hal_tim.o
    0x080022de   0x00000002   Code   RO          609    i.HardFault_Handler  stm32f1xx_it.o
    0x080022e0   0x0000000c   Code   RO          610    i.I2C1_ER_IRQHandler  stm32f1xx_it.o
    0x080022ec   0x0000000c   Code   RO          611    i.I2C1_EV_IRQHandler  stm32f1xx_it.o
    0x080022f8   0x0000004e   Code   RO         1944    i.I2C_DMAAbort      stm32f1xx_hal_i2c.o
    0x08002346   0x00000002   PAD
    0x08002348   0x00000124   Code   RO         1947    i.I2C_ITError       stm32f1xx_hal_i2c.o
    0x0800246c   0x00000028   Code   RO         1948    i.I2C_IsAcknowledgeFailed  stm32f1xx_hal_i2c.o
    0x08002494   0x000000c8   Code   RO         1949    i.I2C_MasterReceive_BTF  stm32f1xx_hal_i2c.o
    0x0800255c   0x000000ae   Code   RO         1950    i.I2C_MasterReceive_RXNE  stm32f1xx_hal_i2c.o
    0x0800260a   0x00000002   PAD
    0x0800260c   0x00000094   Code   RO         1952    i.I2C_MasterRequestWrite  stm32f1xx_hal_i2c.o
    0x080026a0   0x00000080   Code   RO         1953    i.I2C_MasterTransmit_BTF  stm32f1xx_hal_i2c.o
    0x08002720   0x00000108   Code   RO         1954    i.I2C_MasterTransmit_TXE  stm32f1xx_hal_i2c.o
    0x08002828   0x0000011a   Code   RO         1955    i.I2C_Master_ADDR   stm32f1xx_hal_i2c.o
    0x08002942   0x0000005a   Code   RO         1956    i.I2C_Master_SB     stm32f1xx_hal_i2c.o
    0x0800299c   0x00000084   Code   RO         1959    i.I2C_Slave_AF      stm32f1xx_hal_i2c.o
    0x08002a20   0x000000dc   Code   RO         1960    i.I2C_Slave_STOPF   stm32f1xx_hal_i2c.o
    0x08002afc   0x0000004e   Code   RO         1961    i.I2C_WaitOnBTFFlagUntilTimeout  stm32f1xx_hal_i2c.o
    0x08002b4a   0x00000060   Code   RO         1962    i.I2C_WaitOnFlagUntilTimeout  stm32f1xx_hal_i2c.o
    0x08002baa   0x00000002   PAD
    0x08002bac   0x00000088   Code   RO         1963    i.I2C_WaitOnMasterAddressFlagUntilTimeout  stm32f1xx_hal_i2c.o
    0x08002c34   0x0000004e   Code   RO         1965    i.I2C_WaitOnTXEFlagUntilTimeout  stm32f1xx_hal_i2c.o
    0x08002c82   0x00000002   PAD
    0x08002c84   0x0000005c   Code   RO          759    i.MCU_get_temperature  control_functions.o
    0x08002ce0   0x00000044   Code   RO            4    i.MX_ADC1_Init      main.o
    0x08002d24   0x000000b8   Code   RO            5    i.MX_GPIO_Init      main.o
    0x08002ddc   0x00000038   Code   RO            6    i.MX_I2C1_Init      main.o
    0x08002e14   0x00000058   Code   RO            7    i.MX_TIM1_Init      main.o
    0x08002e6c   0x00000038   Code   RO          707    i.MX_USB_DEVICE_Init  usb_device.o
    0x08002ea4   0x00000002   Code   RO          612    i.MemManage_Handler  stm32f1xx_it.o
    0x08002ea6   0x00000002   Code   RO          613    i.NMI_Handler       stm32f1xx_it.o
    0x08002ea8   0x00000020   Code   RO         1256    i.NVIC_SetPriority  stm32f1xx_hal_cortex.o
    0x08002ec8   0x00000362   Code   RO         2687    i.PCD_EP_ISR_Handler  stm32f1xx_hal_pcd.o
    0x0800322a   0x00000002   Code   RO          614    i.PendSV_Handler    stm32f1xx_it.o
    0x0800322c   0x00000002   Code   RO          615    i.SVC_Handler       stm32f1xx_it.o
    0x0800322e   0x0000000e   Code   RO          616    i.SysTick_Handler   stm32f1xx_it.o
    0x0800323c   0x0000007c   Code   RO            8    i.SystemClock_Config  main.o
    0x080032b8   0x00000048   Code   RO         3775    i.SystemInit        system_stm32f1xx.o
    0x08003300   0x0000006c   Code   RO         3229    i.TIM_Base_SetConfig  stm32f1xx_hal_tim.o
    0x0800336c   0x00000014   Code   RO         3236    i.TIM_ETR_SetConfig  stm32f1xx_hal_tim.o
    0x08003380   0x0000007c   Code   RO         3242    i.TIM_SlaveTimer_SetConfig  stm32f1xx_hal_tim.o
    0x080033fc   0x00000022   Code   RO         3243    i.TIM_TI1_ConfigInputStage  stm32f1xx_hal_tim.o
    0x0800341e   0x00000024   Code   RO         3245    i.TIM_TI2_ConfigInputStage  stm32f1xx_hal_tim.o
    0x08003442   0x00000014   Code   RO         3937    i.USBD_CDC_DataIn   usbd_cdc.o
    0x08003456   0x0000002e   Code   RO         3938    i.USBD_CDC_DataOut  usbd_cdc.o
    0x08003484   0x0000003c   Code   RO         3939    i.USBD_CDC_DeInit   usbd_cdc.o
    0x080034c0   0x00000024   Code   RO         3940    i.USBD_CDC_EP0_RxReady  usbd_cdc.o
    0x080034e4   0x0000000c   Code   RO         3941    i.USBD_CDC_GetDeviceQualifierDescriptor  usbd_cdc.o
    0x080034f0   0x0000000c   Code   RO         3942    i.USBD_CDC_GetFSCfgDesc  usbd_cdc.o
    0x080034fc   0x0000000c   Code   RO         3943    i.USBD_CDC_GetHSCfgDesc  usbd_cdc.o
    0x08003508   0x0000000c   Code   RO         3944    i.USBD_CDC_GetOtherSpeedCfgDesc  usbd_cdc.o
    0x08003514   0x00000088   Code   RO         3945    i.USBD_CDC_Init     usbd_cdc.o
    0x0800359c   0x00000028   Code   RO         3946    i.USBD_CDC_ReceivePacket  usbd_cdc.o
    0x080035c4   0x00000010   Code   RO         3947    i.USBD_CDC_RegisterInterface  usbd_cdc.o
    0x080035d4   0x0000000c   Code   RO         3948    i.USBD_CDC_SetRxBuffer  usbd_cdc.o
    0x080035e0   0x00000010   Code   RO         3949    i.USBD_CDC_SetTxBuffer  usbd_cdc.o
    0x080035f0   0x00000070   Code   RO         3950    i.USBD_CDC_Setup    usbd_cdc.o
    0x08003660   0x00000030   Code   RO         3951    i.USBD_CDC_TransmitPacket  usbd_cdc.o
    0x08003690   0x0000000e   Code   RO         4043    i.USBD_ClrClassConfig  usbd_core.o
    0x0800369e   0x00000010   Code   RO         3877    i.USBD_CtlContinueRx  usbd_ioreq.o
    0x080036ae   0x00000010   Code   RO         3878    i.USBD_CtlContinueSendData  usbd_ioreq.o
    0x080036be   0x00000016   Code   RO         3812    i.USBD_CtlError     usbd_ctlreq.o
    0x080036d4   0x0000001e   Code   RO         3879    i.USBD_CtlPrepareRx  usbd_ioreq.o
    0x080036f2   0x00000016   Code   RO         3880    i.USBD_CtlReceiveStatus  usbd_ioreq.o
    0x08003708   0x0000001a   Code   RO         3881    i.USBD_CtlSendData  usbd_ioreq.o
    0x08003722   0x00000016   Code   RO         3882    i.USBD_CtlSendStatus  usbd_ioreq.o
    0x08003738   0x00000020   Code   RO          536    i.USBD_FS_ConfigStrDescriptor  usbd_desc.o
    0x08003758   0x0000000c   Code   RO          537    i.USBD_FS_DeviceDescriptor  usbd_desc.o
    0x08003764   0x00000024   Code   RO          538    i.USBD_FS_InterfaceStrDescriptor  usbd_desc.o
    0x08003788   0x0000000c   Code   RO          539    i.USBD_FS_LangIDStrDescriptor  usbd_desc.o
    0x08003794   0x0000002c   Code   RO          540    i.USBD_FS_ManufacturerStrDescriptor  usbd_desc.o
    0x080037c0   0x0000002c   Code   RO          541    i.USBD_FS_ProductStrDescriptor  usbd_desc.o
    0x080037ec   0x00000024   Code   RO          542    i.USBD_FS_SerialStrDescriptor  usbd_desc.o
    0x08003810   0x000000f2   Code   RO         3813    i.USBD_GetDescriptor  usbd_ctlreq.o
    0x08003902   0x00000046   Code   RO         3814    i.USBD_GetString    usbd_ctlreq.o
    0x08003948   0x00000060   Code   RO         4045    i.USBD_Init         usbd_core.o
    0x080039a8   0x00000020   Code   RO          283    i.USBD_LL_ClearStallEP  usbd_conf.o
    0x080039c8   0x00000020   Code   RO          284    i.USBD_LL_CloseEP   usbd_conf.o
    0x080039e8   0x000000aa   Code   RO         4046    i.USBD_LL_DataInStage  usbd_core.o
    0x08003a92   0x0000006a   Code   RO         4047    i.USBD_LL_DataOutStage  usbd_core.o
    0x08003afc   0x00000008   Code   RO          288    i.USBD_LL_GetRxDataSize  usbd_conf.o
    0x08003b04   0x0000009c   Code   RO          289    i.USBD_LL_Init      usbd_conf.o
    0x08003ba0   0x0000001c   Code   RO          290    i.USBD_LL_IsStallEP  usbd_conf.o
    0x08003bbc   0x00000026   Code   RO          291    i.USBD_LL_OpenEP    usbd_conf.o
    0x08003be2   0x00000020   Code   RO          292    i.USBD_LL_PrepareReceive  usbd_conf.o
    0x08003c02   0x0000003e   Code   RO         4052    i.USBD_LL_Reset     usbd_core.o
    0x08003c40   0x0000000c   Code   RO         4053    i.USBD_LL_Resume    usbd_core.o
    0x08003c4c   0x00000018   Code   RO         4054    i.USBD_LL_SOF       usbd_core.o
    0x08003c64   0x00000006   Code   RO         4055    i.USBD_LL_SetSpeed  usbd_core.o
    0x08003c6a   0x00000020   Code   RO          293    i.USBD_LL_SetUSBAddress  usbd_conf.o
    0x08003c8a   0x0000005a   Code   RO         4056    i.USBD_LL_SetupStage  usbd_core.o
    0x08003ce4   0x00000020   Code   RO          294    i.USBD_LL_StallEP   usbd_conf.o
    0x08003d04   0x00000020   Code   RO          295    i.USBD_LL_Start     usbd_conf.o
    0x08003d24   0x00000012   Code   RO         4057    i.USBD_LL_Suspend   usbd_core.o
    0x08003d36   0x00000020   Code   RO          297    i.USBD_LL_Transmit  usbd_conf.o
    0x08003d56   0x00000028   Code   RO         3815    i.USBD_ParseSetupRequest  usbd_ctlreq.o
    0x08003d7e   0x00000002   PAD
    0x08003d80   0x00000048   Code   RO         4058    i.USBD_RegisterClass  usbd_core.o
    0x08003dc8   0x00000016   Code   RO         4060    i.USBD_SetClassConfig  usbd_core.o
    0x08003dde   0x00000002   PAD
    0x08003de0   0x00000074   Code   RO         3816    i.USBD_SetConfig    usbd_ctlreq.o
    0x08003e54   0x0000000a   Code   RO         4061    i.USBD_Start        usbd_core.o
    0x08003e5e   0x000000f2   Code   RO         3817    i.USBD_StdDevReq    usbd_ctlreq.o
    0x08003f50   0x000000dc   Code   RO         3818    i.USBD_StdEPReq     usbd_ctlreq.o
    0x0800402c   0x00000034   Code   RO         3819    i.USBD_StdItfReq    usbd_ctlreq.o
    0x08004060   0x00000002   Code   RO          298    i.USBD_static_free  usbd_conf.o
    0x08004062   0x00000002   PAD
    0x08004064   0x00000008   Code   RO          299    i.USBD_static_malloc  usbd_conf.o
    0x0800406c   0x0000025c   Code   RO         1612    i.USB_ActivateEndpoint  stm32f1xx_ll_usb.o
    0x080042c8   0x00000004   Code   RO         1615    i.USB_CoreInit      stm32f1xx_ll_usb.o
    0x080042cc   0x00000124   Code   RO         1617    i.USB_DeactivateEndpoint  stm32f1xx_ll_usb.o
    0x080043f0   0x00000004   Code   RO         1618    i.USB_DevConnect    stm32f1xx_ll_usb.o
    0x080043f4   0x00000004   Code   RO         1619    i.USB_DevDisconnect  stm32f1xx_ll_usb.o
    0x080043f8   0x0000001e   Code   RO         1620    i.USB_DevInit       stm32f1xx_ll_usb.o
    0x08004416   0x0000000e   Code   RO         1621    i.USB_DisableGlobalInt  stm32f1xx_ll_usb.o
    0x08004424   0x00000004   Code   RO         1622    i.USB_EP0_OutStart  stm32f1xx_ll_usb.o
    0x08004428   0x0000006a   Code   RO         1623    i.USB_EPClearStall  stm32f1xx_ll_usb.o
    0x08004492   0x0000004a   Code   RO         1624    i.USB_EPSetStall    stm32f1xx_ll_usb.o
    0x080044dc   0x000001aa   Code   RO         1625    i.USB_EPStartXfer   stm32f1xx_ll_usb.o
    0x08004686   0x0000000e   Code   RO         1626    i.USB_EnableGlobalInt  stm32f1xx_ll_usb.o
    0x08004694   0x0000000c   Code   RO          617    i.USB_HP_CAN1_TX_IRQHandler  stm32f1xx_it.o
    0x080046a0   0x0000000c   Code   RO          618    i.USB_LP_CAN1_RX0_IRQHandler  stm32f1xx_it.o
    0x080046ac   0x00000006   Code   RO         1633    i.USB_ReadInterrupts  stm32f1xx_ll_usb.o
    0x080046b2   0x00000002   PAD
    0x080046b4   0x0000001e   Code   RO         1634    i.USB_ReadPMA       stm32f1xx_ll_usb.o
    0x080046d2   0x00000004   Code   RO         1636    i.USB_SetCurrentMode  stm32f1xx_ll_usb.o
    0x080046d6   0x0000000c   Code   RO         1637    i.USB_SetDevAddress  stm32f1xx_ll_usb.o
    0x080046e2   0x00000026   Code   RO         1639    i.USB_WritePMA      stm32f1xx_ll_usb.o
    0x08004708   0x00000002   Code   RO          619    i.UsageFault_Handler  stm32f1xx_it.o
    0x0800470a   0x00000002   Code   RO            9    i._Error_Handler    main.o
    0x0800470c   0x00000020   Code   RO         4353    i.__0printf$6       mc_w.l(printf6.o)
    0x0800472c   0x00000028   Code   RO         4355    i.__0sprintf$6      mc_w.l(printf6.o)
    0x08004754   0x00000008   Code   RO         4526    i.__aeabi_errno_addr  mc_w.l(errno.o)
    0x0800475c   0x0000000e   Code   RO         4580    i.__scatterload_copy  mc_w.l(handlers.o)
    0x0800476a   0x00000002   Code   RO         4581    i.__scatterload_null  mc_w.l(handlers.o)
    0x0800476c   0x0000000e   Code   RO         4582    i.__scatterload_zeroinit  mc_w.l(handlers.o)
    0x0800477a   0x00000002   PAD
    0x0800477c   0x000002f0   Code   RO         4360    i._printf_core      mc_w.l(printf6.o)
    0x08004a6c   0x00000024   Code   RO         4361    i._printf_post_padding  mc_w.l(printf6.o)
    0x08004a90   0x0000002e   Code   RO         4362    i._printf_pre_padding  mc_w.l(printf6.o)
    0x08004abe   0x0000000a   Code   RO         4364    i._sputc            mc_w.l(printf6.o)
    0x08004ac8   0x00000012   Code   RO         4513    i.fputc             mc_w.l(fputc.o)
    0x08004ada   0x00000002   PAD
    0x08004adc   0x00000050   Code   RO         4459    i.free              mc_w.l(malloc.o)
    0x08004b2c   0x0000039c   Code   RO           10    i.main              main.o
    0x08004ec8   0x0000006c   Code   RO         4460    i.malloc            mc_w.l(malloc.o)
    0x08004f34   0x00000010   Data   RO         3776    .constdata          system_stm32f1xx.o
    0x08004f44   0x00000008   Data   RO         3777    .constdata          system_stm32f1xx.o
    0x08004f4c   0x00000081   Data   RO         4546    .constdata          mc_w.l(ctype_o.o)
    0x08004fcd   0x00000003   PAD
    0x08004fd0   0x00000004   Data   RO         4547    .constdata          mc_w.l(ctype_o.o)
    0x08004fd4   0x00000020   Data   RO         4578    Region$$Table       anon$$obj.o


    Execution Region RW_IRAM1 (Base: 0x20000000, Size: 0x00004d88, Max: 0x00005000, ABSOLUTE, COMPRESSED[0x000000bc])

    Base Addr    Size         Type   Attr      Idx    E Section Name        Object

    0x20000000   0x00000020   Data   RW           12    .data               main.o
    0x20000020   0x00000004   Data   RW           13    .data               main.o
    0x20000024   0x00000010   Data   RW          218    .data               usbd_cdc_if.o
    0x20000034   0x00000001   Data   RW          219    .data               usbd_cdc_if.o
    0x20000035   0x00000003   PAD
    0x20000038   0x0000001c   Data   RW          544    .data               usbd_desc.o
    0x20000054   0x00000016   Data   RW          545    .data               usbd_desc.o
    0x2000006a   0x00000002   PAD
    0x2000006c   0x00000004   Data   RW         3022    .data               stm32f1xx_hal.o
    0x20000070   0x00000004   Data   RW         3778    .data               system_stm32f1xx.o
    0x20000074   0x00000001   Data   RW         3820    .data               usbd_ctlreq.o
    0x20000075   0x00000003   PAD
    0x20000078   0x000000db   Data   RW         3952    .data               usbd_cdc.o
    0x20000153   0x00000001   PAD
    0x20000154   0x0000003c   Data   RW         3953    .data               usbd_cdc.o
    0x20000190   0x00000004   Data   RW         4515    .data               mc_w.l(stdout.o)
    0x20000194   0x00000004   Data   RW         4524    .data               mc_w.l(mvars.o)
    0x20000198   0x00000004   Data   RW         4525    .data               mc_w.l(mvars.o)
    0x2000019c   0x00000004   Data   RW         4529    .data               mc_w.l(errno.o)
    0x200001a0   0x000000c4   Zero   RW           11    .bss                main.o
    0x20000264   0x00001080   Zero   RW          217    .bss                usbd_cdc_if.o
    0x200012e4   0x00000680   Zero   RW          300    .bss                usbd_conf.o
    0x20001964   0x00000200   Zero   RW          543    .bss                usbd_desc.o
    0x20001b64   0x00000224   Zero   RW          708    .bss                usb_device.o
    0x20001d88   0x00001000   Zero   RW         4179    HEAP                startup_stm32f103xb.o
    0x20002d88   0x00002000   Zero   RW         4178    STACK               startup_stm32f103xb.o


==============================================================================

Image component sizes


      Code (inc. data)   RO Data    RW Data    ZI Data      Debug   Object Name

       236         38          0          0          0       3256   control_functions.o
      1446        404          0         36        196     469451   main.o
        36          8        236          0      12288        780   startup_stm32f103xb.o
       132         22          0          4          0       4043   stm32f1xx_hal.o
       922         40          0          0          0       5836   stm32f1xx_hal_adc.o
       228         14          0          0          0      28113   stm32f1xx_hal_cortex.o
       152          4          0          0          0       1267   stm32f1xx_hal_dma.o
       462         36          0          0          0       3725   stm32f1xx_hal_gpio.o
      3736         64          0          0          0      26935   stm32f1xx_hal_i2c.o
       340         48          0          0          0       2785   stm32f1xx_hal_msp.o
      1810          0          0          0          0      10789   stm32f1xx_hal_pcd.o
        52          0          0          0          0       1334   stm32f1xx_hal_pcd_ex.o
      1272         96          0          0          0       5461   stm32f1xx_hal_rcc.o
       236         12          0          0          0       1552   stm32f1xx_hal_rcc_ex.o
       442         22          0          0          0       6466   stm32f1xx_hal_tim.o
        80          0          0          0          0       1436   stm32f1xx_hal_tim_ex.o
        78         24          0          0          0       5701   stm32f1xx_it.o
      1666          0          0          0          0      13647   stm32f1xx_ll_usb.o
        72         16         24          4          0       1243   system_stm32f1xx.o
        56         18          0          0        548        724   usb_device.o
       590         22          0        279          0      13730   usbd_cdc.o
       308         52          0         17       4224       3636   usbd_cdc_if.o
       664         48          0          0       1664      13609   usbd_conf.o
       702         72          0          0          0      10008   usbd_core.o
      1004         30          0          1          0       8292   usbd_ctlreq.o
       216        120          0         50        512       9503   usbd_desc.o
       132          0          0          0          0       4756   usbd_ioreq.o

    ----------------------------------------------------------------------
     17104       1210        292        400      19432     658078   Object Totals
         0          0         32          0          0          0   (incl. Generated)
        34          0          0          9          0          0   (incl. Padding)

    ----------------------------------------------------------------------

      Code (inc. data)   RO Data    RW Data    ZI Data      Debug   Library Member Name

        86          0          0          0          0          0   __dczerorl2.o
        28          0          0          0          0         68   _chval.o
       158          0          0          0          0         92   _strtoul.o
        26          0          0          0          0         80   atoi.o
         8          4        133          0          0         68   ctype_o.o
         0          0          0          0          0          0   entry.o
         0          0          0          0          0          0   entry10a.o
         0          0          0          0          0          0   entry11a.o
         8          4          0          0          0          0   entry2.o
         4          0          0          0          0          0   entry5.o
         0          0          0          0          0          0   entry7b.o
         0          0          0          0          0          0   entry8b.o
         8          4          0          0          0          0   entry9a.o
         8          4          0          4          0         68   errno.o
        18          0          0          0          0         80   fputc.o
        30          0          0          0          0          0   handlers.o
        36          8          0          0          0         68   init.o
         0          0          0          0          0          0   iusefp.o
         0          0          0          0          0          0   iusesemip.o
        30          0          0          0          0         68   llshl.o
        36          0          0          0          0         68   llsshr.o
        32          0          0          0          0         68   llushr.o
       188         20          0          0          0        160   malloc.o
        36          0          0          0          0         68   memcpya.o
         0          0          0          8          0          0   mvars.o
       916         20          0          0          0        504   printf6.o
         0          0          0          0          0          0   semi.o
         0          0          0          4          0          0   stdout.o
        28          0          0          0          0         76   strcmp.o
        34          0          0          0          0         80   strcspn.o
       112          0          0          0          0         88   strtol.o
        44          0          0          0          0         80   uidiv.o
       334          0          0          0          0        148   dadd.o
       222          0          0          0          0        100   ddiv.o
       186          0          0          0          0        176   depilogue.o
        62          0          0          0          0         80   dfixi.o
        26          0          0          0          0         76   dfltui.o
       228          0          0          0          0         96   dmul.o

    ----------------------------------------------------------------------
      2936         64        136         16          0       2460   Library Totals
         4          0          3          0          0          0   (incl. Padding)

    ----------------------------------------------------------------------

      Code (inc. data)   RO Data    RW Data    ZI Data      Debug   Library Name

      1874         64        133         16          0       1784   mc_w.l
      1058          0          0          0          0        676   mf_w.l

    ----------------------------------------------------------------------
      2936         64        136         16          0       2460   Library Totals

    ----------------------------------------------------------------------

==============================================================================


      Code (inc. data)   RO Data    RW Data    ZI Data      Debug   

     20040       1274        428        416      19432     649018   Grand Totals
     20040       1274        428        188      19432     649018   ELF Image Totals (compressed)
     20040       1274        428        188          0          0   ROM Totals

==============================================================================

    Total RO  Size (Code + RO Data)                20468 (  19.99kB)
    Total RW  Size (RW Data + ZI Data)             19848 (  19.38kB)
    Total ROM Size (Code + RO Data + RW Data)      20656 (  20.17kB)

==============================================================================

